Archive member included to satisfy reference by file (symbol)

C:/ST/STM32CubeIDE_1.17.0/STM32CubeIDE/plugins/com.st.stm32cube.ide.mcu.externaltools.gnu-tools-for-stm32.13.3.rel1.win32_1.0.0.202411081344/tools/bin/../lib/gcc/arm-none-eabi/13.3.1/../../../../arm-none-eabi/lib/thumb/v7e-m+dp/hard\libc_nano.a(libc_a-atoi.o)
                              ./Middlewares/Third_Party/LwIP/src/core/netif.o (atoi)
C:/ST/STM32CubeIDE_1.17.0/STM32CubeIDE/plugins/com.st.stm32cube.ide.mcu.externaltools.gnu-tools-for-stm32.13.3.rel1.win32_1.0.0.202411081344/tools/bin/../lib/gcc/arm-none-eabi/13.3.1/../../../../arm-none-eabi/lib/thumb/v7e-m+dp/hard\libc_nano.a(libc_a-exit.o)
                              C:/ST/STM32CubeIDE_1.17.0/STM32CubeIDE/plugins/com.st.stm32cube.ide.mcu.externaltools.gnu-tools-for-stm32.13.3.rel1.win32_1.0.0.202411081344/tools/bin/../lib/gcc/arm-none-eabi/13.3.1/../../../../arm-none-eabi/lib/thumb/v7e-m+dp/hard/crt0.o (exit)
C:/ST/STM32CubeIDE_1.17.0/STM32CubeIDE/plugins/com.st.stm32cube.ide.mcu.externaltools.gnu-tools-for-stm32.13.3.rel1.win32_1.0.0.202411081344/tools/bin/../lib/gcc/arm-none-eabi/13.3.1/../../../../arm-none-eabi/lib/thumb/v7e-m+dp/hard\libc_nano.a(libc_a-rand.o)
                              ./Middlewares/Third_Party/LwIP/src/core/tcp.o (rand)
C:/ST/STM32CubeIDE_1.17.0/STM32CubeIDE/plugins/com.st.stm32cube.ide.mcu.externaltools.gnu-tools-for-stm32.13.3.rel1.win32_1.0.0.202411081344/tools/bin/../lib/gcc/arm-none-eabi/13.3.1/../../../../arm-none-eabi/lib/thumb/v7e-m+dp/hard\libc_nano.a(libc_a-strtol.o)
                              C:/ST/STM32CubeIDE_1.17.0/STM32CubeIDE/plugins/com.st.stm32cube.ide.mcu.externaltools.gnu-tools-for-stm32.13.3.rel1.win32_1.0.0.202411081344/tools/bin/../lib/gcc/arm-none-eabi/13.3.1/../../../../arm-none-eabi/lib/thumb/v7e-m+dp/hard\libc_nano.a(libc_a-atoi.o) (_strtol_r)
C:/ST/STM32CubeIDE_1.17.0/STM32CubeIDE/plugins/com.st.stm32cube.ide.mcu.externaltools.gnu-tools-for-stm32.13.3.rel1.win32_1.0.0.202411081344/tools/bin/../lib/gcc/arm-none-eabi/13.3.1/../../../../arm-none-eabi/lib/thumb/v7e-m+dp/hard\libc_nano.a(libc_a-ctype_.o)
                              ./Middlewares/Third_Party/LwIP/src/core/ipv4/ip4_addr.o (_ctype_)
C:/ST/STM32CubeIDE_1.17.0/STM32CubeIDE/plugins/com.st.stm32cube.ide.mcu.externaltools.gnu-tools-for-stm32.13.3.rel1.win32_1.0.0.202411081344/tools/bin/../lib/gcc/arm-none-eabi/13.3.1/../../../../arm-none-eabi/lib/thumb/v7e-m+dp/hard\libc_nano.a(libc_a-findfp.o)
                              ./Middlewares/Third_Party/FreeRTOS/Source/tasks.o (__sf)
C:/ST/STM32CubeIDE_1.17.0/STM32CubeIDE/plugins/com.st.stm32cube.ide.mcu.externaltools.gnu-tools-for-stm32.13.3.rel1.win32_1.0.0.202411081344/tools/bin/../lib/gcc/arm-none-eabi/13.3.1/../../../../arm-none-eabi/lib/thumb/v7e-m+dp/hard\libc_nano.a(libc_a-fwalk.o)
                              C:/ST/STM32CubeIDE_1.17.0/STM32CubeIDE/plugins/com.st.stm32cube.ide.mcu.externaltools.gnu-tools-for-stm32.13.3.rel1.win32_1.0.0.202411081344/tools/bin/../lib/gcc/arm-none-eabi/13.3.1/../../../../arm-none-eabi/lib/thumb/v7e-m+dp/hard\libc_nano.a(libc_a-findfp.o) (_fwalk_sglue)
C:/ST/STM32CubeIDE_1.17.0/STM32CubeIDE/plugins/com.st.stm32cube.ide.mcu.externaltools.gnu-tools-for-stm32.13.3.rel1.win32_1.0.0.202411081344/tools/bin/../lib/gcc/arm-none-eabi/13.3.1/../../../../arm-none-eabi/lib/thumb/v7e-m+dp/hard\libc_nano.a(libc_a-printf.o)
                              ./Core/Src/eth_tasks.o (printf)
C:/ST/STM32CubeIDE_1.17.0/STM32CubeIDE/plugins/com.st.stm32cube.ide.mcu.externaltools.gnu-tools-for-stm32.13.3.rel1.win32_1.0.0.202411081344/tools/bin/../lib/gcc/arm-none-eabi/13.3.1/../../../../arm-none-eabi/lib/thumb/v7e-m+dp/hard\libc_nano.a(libc_a-stdio.o)
                              C:/ST/STM32CubeIDE_1.17.0/STM32CubeIDE/plugins/com.st.stm32cube.ide.mcu.externaltools.gnu-tools-for-stm32.13.3.rel1.win32_1.0.0.202411081344/tools/bin/../lib/gcc/arm-none-eabi/13.3.1/../../../../arm-none-eabi/lib/thumb/v7e-m+dp/hard\libc_nano.a(libc_a-findfp.o) (__sread)
C:/ST/STM32CubeIDE_1.17.0/STM32CubeIDE/plugins/com.st.stm32cube.ide.mcu.externaltools.gnu-tools-for-stm32.13.3.rel1.win32_1.0.0.202411081344/tools/bin/../lib/gcc/arm-none-eabi/13.3.1/../../../../arm-none-eabi/lib/thumb/v7e-m+dp/hard\libc_nano.a(libc_a-memcmp.o)
                              ./Middlewares/Third_Party/LwIP/src/netif/bridgeif_fdb.o (memcmp)
C:/ST/STM32CubeIDE_1.17.0/STM32CubeIDE/plugins/com.st.stm32cube.ide.mcu.externaltools.gnu-tools-for-stm32.13.3.rel1.win32_1.0.0.202411081344/tools/bin/../lib/gcc/arm-none-eabi/13.3.1/../../../../arm-none-eabi/lib/thumb/v7e-m+dp/hard\libc_nano.a(libc_a-memmove.o)
                              ./Middlewares/Third_Party/LwIP/src/core/def.o (memmove)
C:/ST/STM32CubeIDE_1.17.0/STM32CubeIDE/plugins/com.st.stm32cube.ide.mcu.externaltools.gnu-tools-for-stm32.13.3.rel1.win32_1.0.0.202411081344/tools/bin/../lib/gcc/arm-none-eabi/13.3.1/../../../../arm-none-eabi/lib/thumb/v7e-m+dp/hard\libc_nano.a(libc_a-memset.o)
[...]
Memory Configuration

Name             Origin             Length             Attributes
RAM              0x20000000         0x0007c000         xrw
SRAM2            0x2007c000         0x00004000         xrw
FLASH            0x08000000         0x00200000         xr
*default*        0x00000000         0xffffffff

Linker script and memory map

LOAD C:/ST/STM32CubeIDE_1.17.0/STM32CubeIDE/plugins/com.st.stm32cube.ide.mcu.externaltools.gnu-tools-for-stm32.13.3.rel1.win32_1.0.0.202411081344/tools/bin/../lib/gcc/arm-none-eabi/13.3.1/thumb/v7e-m+dp/hard/crti.o
LOAD C:/ST/STM32CubeIDE_1.17.0/STM32CubeIDE/plugins/com.st.stm32cube.ide.mcu.externaltools.gnu-tools-for-stm32.13.3.rel1.win32_1.0.0.202411081344/tools/bin/../lib/gcc/arm-none-eabi/13.3.1/thumb/v7e-m+dp/hard/crtbegin.o
LOAD C:/ST/STM32CubeIDE_1.17.0/STM32CubeIDE/plugins/com.st.stm32cube.ide.mcu.externaltools.gnu-tools-for-stm32.13.3.rel1.win32_1.0.0.202411081344/tools/bin/../lib/gcc/arm-none-eabi/13.3.1/../../../../arm-none-eabi/lib/thumb/v7e-m+dp/hard/crt0.o
LOAD ./Core/Src/eth_tasks.o
LOAD ./Core/Src/freertos.o
LOAD ./Core/Src/gpio.o
LOAD ./Core/Src/lwiperf.o
LOAD ./Core/Src/main.o
LOAD ./Core/Src/stm32f7xx_hal_msp.o
LOAD ./Core/Src/stm32f7xx_hal_timebase_tim.o
LOAD ./Core/Src/stm32f7xx_it.o
LOAD ./Core/Src/syscalls.o
LOAD ./Core/Src/sysmem.o
LOAD ./Core/Src/system_stm32f7xx.o
LOAD ./Core/Src/usart.o
LOAD ./Core/Src/usb_otg.o
LOAD ./Core/Startup/startup_stm32f767zitx.o
LOAD ./Drivers/BSP/Components/lan8742/lan8742.o
LOAD ./Drivers/STM32F7xx_HAL_Driver/Src/stm32f7xx_hal.o
LOAD ./Drivers/STM32F7xx_HAL_Driver/Src/stm32f7xx_hal_cortex.o
LOAD ./Drivers/STM32F7xx_HAL_Driver/Src/stm32f7xx_hal_dma.o
LOAD ./Drivers/STM32F7xx_HAL_Driver/Src/stm32f7xx_hal_dma_ex.o
LOAD ./Drivers/STM32F7xx_HAL_Driver/Src/stm32f7xx_hal_eth.o
LOAD ./Drivers/STM32F7xx_HAL_Driver/Src/stm32f7xx_hal_exti.o
LOAD ./Drivers/STM32F7xx_HAL_Driver/Src/stm32f7xx_hal_flash.o
LOAD ./Drivers/STM32F7xx_HAL_Driver/Src/stm32f7xx_hal_flash_ex.o
LOAD ./Drivers/STM32F7xx_HAL_Driver/Src/stm32f7xx_hal_gpio.o
LOAD ./Drivers/STM32F7xx_HAL_Driver/Src/stm32f7xx_hal_i2c.o
LOAD ./Drivers/STM32F7xx_HAL_Driver/Src/stm32f7xx_hal_i2c_ex.o
LOAD ./Drivers/STM32F7xx_HAL_Driver/Src/stm32f7xx_hal_pcd.o
LOAD ./Drivers/STM32F7xx_HAL_Driver/Src/stm32f7xx_hal_pcd_ex.o
LOAD ./Drivers/STM32F7xx_HAL_Driver/Src/stm32f7xx_hal_pwr.o
LOAD ./Drivers/STM32F7xx_HAL_Driver/Src/stm32f7xx_hal_pwr_ex.o
LOAD ./Drivers/STM32F7xx_HAL_Driver/Src/stm32f7xx_hal_rcc.o
LOAD ./Drivers/STM32F7xx_HAL_Driver/Src/stm32f7xx_hal_rcc_ex.o
LOAD ./Drivers/STM32F7xx_HAL_Driver/Src/stm32f7xx_hal_tim.o
LOAD ./Drivers/STM32F7xx_HAL_Driver/Src/stm32f7xx_hal_tim_ex.o
LOAD ./Drivers/STM32F7xx_HAL_Driver/Src/stm32f7xx_hal_uart.o
LOAD ./Drivers/STM32F7xx_HAL_Driver/Src/stm32f7xx_hal_uart_ex.o
LOAD ./Drivers/STM32F7xx_HAL_Driver/Src/stm32f7xx_ll_usb.o
LOAD ./LWIP/App/lwip.o
LOAD ./LWIP/Target/ethernetif.o
LOAD ./Middlewares/Third_Party/FreeRTOS/Source/CMSIS_RTOS/cmsis_os.o
LOAD ./Middlewares/Third_Party/FreeRTOS/Source/croutine.o
LOAD ./Middlewares/Third_Party/FreeRTOS/Source/event_groups.o
LOAD ./Middlewares/Third_Party/FreeRTOS/Source/list.o
LOAD ./Middlewares/Third_Party/FreeRTOS/Source/queue.o
LOAD ./Middlewares/Third_Party/FreeRTOS/Source/stream_buffer.o
LOAD ./Middlewares/Third_Party/FreeRTOS/Source/tasks.o
LOAD ./Middlewares/Third_Party/FreeRTOS/Source/timers.o
LOAD ./Middlewares/Third_Party/FreeRTOS/Source/portable/GCC/ARM_CM7/r0p1/port.o
LOAD ./Middlewares/Third_Party/FreeRTOS/Source/portable/MemMang/heap_4.o
LOAD ./Middlewares/Third_Party/LwIP/src/api/api_lib.o
LOAD ./Middlewares/Third_Party/LwIP/src/api/api_msg.o
LOAD ./Middlewares/Third_Party/LwIP/src/api/err.o
LOAD ./Middlewares/Third_Party/LwIP/src/api/if_api.o
LOAD ./Middlewares/Third_Party/LwIP/src/api/netbuf.o
LOAD ./Middlewares/Third_Party/LwIP/src/api/netdb.o
LOAD ./Middlewares/Third_Party/LwIP/src/api/netifapi.o
LOAD ./Middlewares/Third_Party/LwIP/src/api/sockets.o
LOAD ./Middlewares/Third_Party/LwIP/src/api/tcpip.o
LOAD ./Middlewares/Third_Party/LwIP/src/apps/mqtt/mqtt.o
LOAD ./Middlewares/Third_Party/LwIP/src/core/altcp.o
LOAD ./Middlewares/Third_Party/LwIP/src/core/altcp_alloc.o
LOAD ./Middlewares/Third_Party/LwIP/src/core/altcp_tcp.o
LOAD ./Middlewares/Third_Party/LwIP/src/core/def.o
LOAD ./Middlewares/Third_Party/LwIP/src/core/dns.o
LOAD ./Middlewares/Third_Party/LwIP/src/core/inet_chksum.o
LOAD ./Middlewares/Third_Party/LwIP/src/core/init.o
LOAD ./Middlewares/Third_Party/LwIP/src/core/ip.o
LOAD ./Middlewares/Third_Party/LwIP/src/core/mem.o
LOAD ./Middlewares/Third_Party/LwIP/src/core/memp.o
LOAD ./Middlewares/Third_Party/LwIP/src/core/netif.o
LOAD ./Middlewares/Third_Party/LwIP/src/core/pbuf.o
LOAD ./Middlewares/Third_Party/LwIP/src/core/raw.o
LOAD ./Middlewares/Third_Party/LwIP/src/core/stats.o
LOAD ./Middlewares/Third_Party/LwIP/src/core/sys.o
LOAD ./Middlewares/Third_Party/LwIP/src/core/tcp.o
LOAD ./Middlewares/Third_Party/LwIP/src/core/tcp_in.o
LOAD ./Middlewares/Third_Party/LwIP/src/core/tcp_out.o
LOAD ./Middlewares/Third_Party/LwIP/src/core/timeouts.o
LOAD ./Middlewares/Third_Party/LwIP/src/core/udp.o
LOAD ./Middlewares/Third_Party/LwIP/src/core/ipv4/autoip.o
LOAD ./Middlewares/Third_Party/LwIP/src/core/ipv4/dhcp.o
LOAD ./Middlewares/Third_Party/LwIP/src/core/ipv4/etharp.o
LOAD ./Middlewares/Third_Party/LwIP/src/core/ipv4/icmp.o
LOAD ./Middlewares/Third_Party/LwIP/src/core/ipv4/igmp.o
LOAD ./Middlewares/Third_Party/LwIP/src/core/ipv4/ip4.o
LOAD ./Middlewares/Third_Party/LwIP/src/core/ipv4/ip4_addr.o
LOAD ./Middlewares/Third_Party/LwIP/src/core/ipv4/ip4_frag.o
LOAD ./Middlewares/Third_Party/LwIP/src/core/ipv6/dhcp6.o
LOAD ./Middlewares/Third_Party/LwIP/src/core/ipv6/ethip6.o
LOAD ./Middlewares/Third_Party/LwIP/src/core/ipv6/icmp6.o
LOAD ./Middlewares/Third_Party/LwIP/src/core/ipv6/inet6.o
LOAD ./Middlewares/Third_Party/LwIP/src/core/ipv6/ip6.o
LOAD ./Middlewares/Third_Party/LwIP/src/core/ipv6/ip6_addr.o
LOAD ./Middlewares/Third_Party/LwIP/src/core/ipv6/ip6_frag.o
LOAD ./Middlewares/Third_Party/LwIP/src/core/ipv6/mld6.o
LOAD ./Middlewares/Third_Party/LwIP/src/core/ipv6/nd6.o
LOAD ./Middlewares/Third_Party/LwIP/src/netif/bridgeif.o
LOAD ./Middlewares/Third_Party/LwIP/src/netif/bridgeif_fdb.o
LOAD ./Middlewares/Third_Party/LwIP/src/netif/ethernet.o
LOAD ./Middlewares/Third_Party/LwIP/src/netif/lowpan6.o
LOAD ./Middlewares/Third_Party/LwIP/src/netif/lowpan6_ble.o
LOAD ./Middlewares/Third_Party/LwIP/src/netif/lowpan6_common.o
LOAD ./Middlewares/Third_Party/LwIP/src/netif/slipif.o
LOAD ./Middlewares/Third_Party/LwIP/src/netif/zepif.o
LOAD ./Middlewares/Third_Party/LwIP/src/netif/ppp/auth.o
LOAD ./Middlewares/Third_Party/LwIP/src/netif/ppp/ccp.o
LOAD ./Middlewares/Third_Party/LwIP/src/netif/ppp/chap-md5.o
LOAD ./Middlewares/Third_Party/LwIP/src/netif/ppp/chap-new.o
LOAD ./Middlewares/Third_Party/LwIP/src/netif/ppp/chap_ms.o
LOAD ./Middlewares/Third_Party/LwIP/src/netif/ppp/demand.o
LOAD ./Middlewares/Third_Party/LwIP/src/netif/ppp/eap.o
LOAD ./Middlewares/Third_Party/LwIP/src/netif/ppp/ecp.o
LOAD ./Middlewares/Third_Party/LwIP/src/netif/ppp/eui64.o
LOAD ./Middlewares/Third_Party/LwIP/src/netif/ppp/fsm.o
LOAD ./Middlewares/Third_Party/LwIP/src/netif/ppp/ipcp.o
LOAD ./Middlewares/Third_Party/LwIP/src/netif/ppp/ipv6cp.o
LOAD ./Middlewares/Third_Party/LwIP/src/netif/ppp/lcp.o
LOAD ./Middlewares/Third_Party/LwIP/src/netif/ppp/magic.o
LOAD ./Middlewares/Third_Party/LwIP/src/netif/ppp/mppe.o
LOAD ./Middlewares/Third_Party/LwIP/src/netif/ppp/multilink.o
LOAD ./Middlewares/Third_Party/LwIP/src/netif/ppp/ppp.o
LOAD ./Middlewares/Third_Party/LwIP/src/netif/ppp/pppapi.o
LOAD ./Middlewares/Third_Party/LwIP/src/netif/ppp/pppcrypt.o
LOAD ./Middlewares/Third_Party/LwIP/src/netif/ppp/pppoe.o
LOAD ./Middlewares/Third_Party/LwIP/src/netif/ppp/pppol2tp.o
LOAD ./Middlewares/Third_Party/LwIP/src/netif/ppp/pppos.o
LOAD ./Middlewares/Third_Party/LwIP/src/netif/ppp/upap.o
LOAD ./Middlewares/Third_Party/LwIP/src/netif/ppp/utils.o
LOAD ./Middlewares/Third_Party/LwIP/src/netif/ppp/vj.o
LOAD ./Middlewares/Third_Party/LwIP/system/OS/sys_arch.o
START GROUP
LOAD C:/ST/STM32CubeIDE_1.17.0/STM32CubeIDE/plugins/com.st.stm32cube.ide.mcu.externaltools.gnu-tools-for-stm32.13.3.rel1.win32_1.0.0.202411081344/tools/bin/../lib/gcc/arm-none-eabi/13.3.1/../../../../arm-none-eabi/lib/thumb/v7e-m+dp/hard\libc_nano.a
LOAD C:/ST/STM32CubeIDE_1.17.0/STM32CubeIDE/plugins/com.st.stm32cube.ide.mcu.externaltools.gnu-tools-for-stm32.13.3.rel1.win32_1.0.0.202411081344/tools/bin/../lib/gcc/arm-none-eabi/13.3.1/../../../../arm-none-eabi/lib/thumb/v7e-m+dp/hard\libm.a
END GROUP
START GROUP
LOAD C:/ST/STM32CubeIDE_1.17.0/STM32CubeIDE/plugins/com.st.stm32cube.ide.mcu.externaltools.gnu-tools-for-stm32.13.3.rel1.win32_1.0.0.202411081344/tools/bin/../lib/gcc/arm-none-eabi/13.3.1/thumb/v7e-m+dp/hard\libgcc.a
LOAD C:/ST/STM32CubeIDE_1.17.0/STM32CubeIDE/plugins/com.st.stm32cube.ide.mcu.externaltools.gnu-tools-for-stm32.13.3.rel1.win32_1.0.0.202411081344/tools/bin/../lib/gcc/arm-none-eabi/13.3.1/../../../../arm-none-eabi/lib/thumb/v7e-m+dp/hard\libc_nano.a
END GROUP
START GROUP
LOAD C:/ST/STM32CubeIDE_1.17.0/STM32CubeIDE/plugins/com.st.stm32cube.ide.mcu.externaltools.gnu-tools-for-stm32.13.3.rel1.win32_1.0.0.202411081344/tools/bin/../lib/gcc/arm-none-eabi/13.3.1/thumb/v7e-m+dp/hard\libgcc.a
LOAD C:/ST/STM32CubeIDE_1.17.0/STM32CubeIDE/plugins/com.st.stm32cube.ide.mcu.externaltools.gnu-tools-for-stm32.13.3.rel1.win32_1.0.0.202411081344/tools/bin/../lib/gcc/arm-none-eabi/13.3.1/../../../../arm-none-eabi/lib/thumb/v7e-m+dp/hard\libc_nano.a
LOAD C:/ST/STM32CubeIDE_1.17.0/STM32CubeIDE/plugins/com.st.stm32cube.ide.mcu.externaltools.gnu-tools-for-stm32.13.3.rel1.win32_1.0.0.202411081344/tools/bin/../lib/gcc/arm-none-eabi/13.3.1/../../../../arm-none-eabi/lib/thumb/v7e-m+dp/hard\libnosys.a
END GROUP
START GROUP
LOAD C:/ST/STM32CubeIDE_1.17.0/STM32CubeIDE/plugins/com.st.stm32cube.ide.mcu.externaltools.gnu-tools-for-stm32.13.3.rel1.win32_1.0.0.202411081344/tools/bin/../lib/gcc/arm-none-eabi/13.3.1/thumb/v7e-m+dp/hard\libgcc.a
LOAD C:/ST/STM32CubeIDE_1.17.0/STM32CubeIDE/plugins/com.st.stm32cube.ide.mcu.externaltools.gnu-tools-for-stm32.13.3.rel1.win32_1.0.0.202411081344/tools/bin/../lib/gcc/arm-none-eabi/13.3.1/../../../../arm-none-eabi/lib/thumb/v7e-m+dp/hard\libc_nano.a
LOAD C:/ST/STM32CubeIDE_1.17.0/STM32CubeIDE/plugins/com.st.stm32cube.ide.mcu.externaltools.gnu-tools-for-stm32.13.3.rel1.win32_1.0.0.202411081344/tools/bin/../lib/gcc/arm-none-eabi/13.3.1/../../../../arm-none-eabi/lib/thumb/v7e-m+dp/hard\libnosys.a
END GROUP
LOAD C:/ST/STM32CubeIDE_1.17.0/STM32CubeIDE/plugins/com.st.stm32cube.ide.mcu.externaltools.gnu-tools-for-stm32.13.3.rel1.win32_1.0.0.202411081344/tools/bin/../lib/gcc/arm-none-eabi/13.3.1/thumb/v7e-m+dp/hard/crtend.o
LOAD C:/ST/STM32CubeIDE_1.17.0/STM32CubeIDE/plugins/com.st.stm32cube.ide.mcu.externaltools.gnu-tools-for-stm32.13.3.rel1.win32_1.0.0.202411081344/tools/bin/../lib/gcc/arm-none-eabi/13.3.1/thumb/v7e-m+dp/hard/crtn.o
                0x2007c000                        _estack = (ORIGIN (RAM) + LENGTH (RAM))
                0x00002000                        _Min_Heap_Size = 0x2000
                0x00001000                        _Min_Stack_Size = 0x1000

.isr_vector     0x08000000      0x1f8
                0x08000000                        . = ALIGN (0x4)
 *(.isr_vector)
 .isr_vector    0x08000000      0x1f8 ./Core/Startup/startup_stm32f767zitx.o
                0x08000000                g_pfnVectors
                0x080001f8                        . = ALIGN (0x4)

.text           0x08000200     0xda9c
                0x08000200                        . = ALIGN (0x4)
 *(.text)
 .text          0x08000200       0x40 C:/ST/STM32CubeIDE_1.17.0/STM32CubeIDE/plugins/com.st.stm32cube.ide.mcu.externaltools.gnu-tools-for-stm32.13.3.rel1.win32_1.0.0.202411081344/tools/bin/../lib/gcc/arm-none-eabi/13.3.1/thumb/v7e-m+dp/hard/crtbegin.o
 .text          0x08000240       0xa0 C:/ST/STM32CubeIDE_1.17.0/STM32CubeIDE/plugins/com.st.stm32cube.ide.mcu.externaltools.gnu-tools-for-stm32.13.3.rel1.win32_1.0.0.202411081344/tools/bin/../lib/gcc/arm-none-eabi/13.3.1/../../../../arm-none-eabi/lib/thumb/v7e-m+dp/hard\libc_nano.a(libc_a-memchr.o)
                0x08000240                memchr
 .text          0x080002e0       0x30 C:/ST/STM32CubeIDE_1.17.0/STM32CubeIDE/plugins/com.st.stm32cube.ide.mcu.externaltools.gnu-tools-for-stm32.13.3.rel1.win32_1.0.0.202411081344/tools/bin/../lib/gcc/arm-none-eabi/13.3.1/thumb/v7e-m+dp/hard\libgcc.a(_aeabi_uldivmod.o)
                0x080002e0                __aeabi_uldivmod
 .text          0x08000310      0x2f8 C:/ST/STM32CubeIDE_1.17.0/STM32CubeIDE/plugins/com.st.stm32cube.ide.mcu.externaltools.gnu-tools-for-stm32.13.3.rel1.win32_1.0.0.202411081344/tools/bin/../lib/gcc/arm-none-eabi/13.3.1/thumb/v7e-m+dp/hard\libgcc.a(_udivmoddi4.o)
                0x08000310                __udivmoddi4
 .text          0x08000608        0x4 C:/ST/STM32CubeIDE_1.17.0/STM32CubeIDE/plugins/com.st.stm32cube.ide.mcu.externaltools.gnu-tools-for-stm32.13.3.rel1.win32_1.0.0.202411081344/tools/bin/../lib/gcc/arm-none-eabi/13.3.1/thumb/v7e-m+dp/hard\libgcc.a(_dvmd_tls.o)
                0x08000608                __aeabi_idiv0
                0x08000608                __aeabi_ldiv0
 *(.text*)
 .text.print_ip_adress
                0x0800060c       0x1c ./Core/Src/eth_tasks.o
                0x0800060c                print_ip_adress
 .text.StartDefaultTask
                0x08000628       0x12 ./Core/Src/freertos.o
                0x08000628                StartDefaultTask
 *fill*         0x0800063a        0x2 
 .text.vApplicationGetIdleTaskMemory
                0x0800063c       0x18 ./Core/Src/freertos.o
                0x0800063c                vApplicationGetIdleTaskMemory
 .text.MX_FREERTOS_Init
                0x08000654       0x2c ./Core/Src/freertos.o
                0x08000654                MX_FREERTOS_Init
 .text.MX_GPIO_Init
                0x08000680       0xfc ./Core/Src/gpio.o
                0x08000680                MX_GPIO_Init
 .text.SystemClock_Config
                0x0800077c       0xac ./Core/Src/main.o
                0x0800077c                SystemClock_Config
 .text.startup.main
                0x08000828       0x84 ./Core/Src/main.o
                0x08000828                main
 .text.HAL_TIM_PeriodElapsedCallback
                0x080008ac       0x14 ./Core/Src/main.o
                0x080008ac                HAL_TIM_PeriodElapsedCallback
 .text.Error_Handler
                0x080008c0        0x4 ./Core/Src/main.o
                0x080008c0                Error_Handler
 .text.HAL_MspInit
                0x080008c4       0x3c ./Core/Src/stm32f7xx_hal_msp.o
                0x080008c4                HAL_MspInit
 .text.HAL_InitTick
                0x08000900       0x9c ./Core/Src/stm32f7xx_hal_timebase_tim.o
                0x08000900                HAL_InitTick
 .text.NMI_Handler
                0x0800099c        0x2 ./Core/Src/stm32f7xx_it.o
                0x0800099c                NMI_Handler
 *fill*         0x0800099e        0x2 
 .text.HardFault_Handler
                0x080009a0       0x10 ./Core/Src/stm32f7xx_it.o
                0x080009a0                HardFault_Handler
 .text.MemManage_Handler
                0x080009b0        0x2 ./Core/Src/stm32f7xx_it.o
                0x080009b0                MemManage_Handler
 .text.BusFault_Handler
                0x080009b2        0x2 ./Core/Src/stm32f7xx_it.o
                0x080009b2                BusFault_Handler
 .text.UsageFault_Handler
                0x080009b4        0x2 ./Core/Src/stm32f7xx_it.o
                0x080009b4                UsageFault_Handler
 .text.DebugMon_Handler
                0x080009b6        0x2 ./Core/Src/stm32f7xx_it.o
                0x080009b6                DebugMon_Handler
 .text.TIM5_IRQHandler
                0x080009b8        0xc ./Core/Src/stm32f7xx_it.o
                0x080009b8                TIM5_IRQHandler
 .text.ETH_IRQHandler
                0x080009c4        0xc ./Core/Src/stm32f7xx_it.o
                0x080009c4                ETH_IRQHandler
 .text._getpid  0x080009d0        0x4 ./Core/Src/syscalls.o
                0x080009d0                _getpid
 .text._kill    0x080009d4       0x10 ./Core/Src/syscalls.o
                0x080009d4                _kill
 .text._exit    0x080009e4        0xc ./Core/Src/syscalls.o
                0x080009e4                _exit
 .text._read    0x080009f0       0x1c ./Core/Src/syscalls.o
                0x080009f0                _read
 .text._write   0x08000a0c       0x1c ./Core/Src/syscalls.o
                0x08000a0c                _write
 .text._close   0x08000a28        0x6 ./Core/Src/syscalls.o
                0x08000a28                _close
 .text._fstat   0x08000a2e        0xa ./Core/Src/syscalls.o
                0x08000a2e                _fstat
 .text._isatty  0x08000a38        0x4 ./Core/Src/syscalls.o
                0x08000a38                _isatty
 .text._lseek   0x08000a3c        0x4 ./Core/Src/syscalls.o
                0x08000a3c                _lseek
 .text._sbrk    0x08000a40       0x40 ./Core/Src/sysmem.o
                0x08000a40                _sbrk
 .text.SystemInit
                0x08000a80       0x14 ./Core/Src/system_stm32f7xx.o
                0x08000a80                SystemInit
 .text.__io_putchar
                0x08000a94       0x1c ./Core/Src/usart.o
                0x08000a94                __io_putchar
 .text.MX_USART3_UART_Init
                0x08000ab0       0x3c ./Core/Src/usart.o
                0x08000ab0                MX_USART3_UART_Init
 .text.HAL_UART_MspInit
                0x08000aec       0x88 ./Core/Src/usart.o
                0x08000aec                HAL_UART_MspInit
 .text.MX_USB_OTG_FS_PCD_Init
                0x08000b74       0x38 ./Core/Src/usb_otg.o
                0x08000b74                MX_USB_OTG_FS_PCD_Init
 .text.HAL_PCD_MspInit
                0x08000bac       0xa8 ./Core/Src/usb_otg.o
                0x08000bac                HAL_PCD_MspInit
 .text.Reset_Handler
                0x08000c54       0x50 ./Core/Startup/startup_stm32f767zitx.o
                0x08000c54                Reset_Handler
 .text.Default_Handler
                0x08000ca4        0x2 ./Core/Startup/startup_stm32f767zitx.o
                0x08000ca4                RTC_Alarm_IRQHandler
                0x08000ca4                EXTI2_IRQHandler
                0x08000ca4                TIM8_CC_IRQHandler
                0x08000ca4                UART8_IRQHandler
                0x08000ca4                SPI4_IRQHandler
                0x08000ca4                TIM1_CC_IRQHandler
                0x08000ca4                DMA2_Stream5_IRQHandler
                0x08000ca4                JPEG_IRQHandler
                0x08000ca4                DMA1_Stream5_IRQHandler
                0x08000ca4                CAN3_RX1_IRQHandler
                0x08000ca4                PVD_IRQHandler
                0x08000ca4                TAMP_STAMP_IRQHandler
                0x08000ca4                CAN2_RX1_IRQHandler
                0x08000ca4                EXTI3_IRQHandler
                0x08000ca4                TIM8_TRG_COM_TIM14_IRQHandler
                0x08000ca4                DFSDM1_FLT1_IRQHandler
                0x08000ca4                TIM1_UP_TIM10_IRQHandler
                0x08000ca4                TIM8_UP_TIM13_IRQHandler
                0x08000ca4                I2C3_ER_IRQHandler
                0x08000ca4                DFSDM1_FLT2_IRQHandler
                0x08000ca4                EXTI0_IRQHandler
                0x08000ca4                I2C2_EV_IRQHandler
                0x08000ca4                DMA1_Stream2_IRQHandler
                0x08000ca4                CAN1_RX0_IRQHandler
                0x08000ca4                FPU_IRQHandler
                0x08000ca4                OTG_HS_WKUP_IRQHandler
                0x08000ca4                CAN3_SCE_IRQHandler
                0x08000ca4                LTDC_ER_IRQHandler
                0x08000ca4                CAN2_SCE_IRQHandler
                0x08000ca4                DMA2_Stream2_IRQHandler
                0x08000ca4                SPI1_IRQHandler
                0x08000ca4                TIM6_DAC_IRQHandler
                0x08000ca4                TIM1_BRK_TIM9_IRQHandler
                0x08000ca4                DCMI_IRQHandler
                0x08000ca4                CAN2_RX0_IRQHandler
                0x08000ca4                DMA2_Stream3_IRQHandler
                0x08000ca4                SAI2_IRQHandler
                0x08000ca4                DFSDM1_FLT3_IRQHandler
                0x08000ca4                USART6_IRQHandler
                0x08000ca4                CAN3_RX0_IRQHandler
                0x08000ca4                USART3_IRQHandler
                0x08000ca4                CAN1_RX1_IRQHandler
                0x08000ca4                UART5_IRQHandler
                0x08000ca4                DMA2_Stream0_IRQHandler
                0x08000ca4                TIM4_IRQHandler
                0x08000ca4                QUADSPI_IRQHandler
                0x08000ca4                I2C1_EV_IRQHandler
                0x08000ca4                DMA1_Stream6_IRQHandler
                0x08000ca4                DMA1_Stream1_IRQHandler
                0x08000ca4                UART4_IRQHandler
                0x08000ca4                TIM3_IRQHandler
                0x08000ca4                RCC_IRQHandler
                0x08000ca4                TIM8_BRK_TIM12_IRQHandler
                0x08000ca4                Default_Handler
                0x08000ca4                CEC_IRQHandler
                0x08000ca4                EXTI15_10_IRQHandler
                0x08000ca4                ADC_IRQHandler
                0x08000ca4                DMA1_Stream7_IRQHandler
                0x08000ca4                SPI5_IRQHandler
                0x08000ca4                TIM7_IRQHandler
                0x08000ca4                SDMMC1_IRQHandler
                0x08000ca4                CAN2_TX_IRQHandler
                0x08000ca4                DMA2_Stream7_IRQHandler
                0x08000ca4                I2C3_EV_IRQHandler
                0x08000ca4                EXTI9_5_IRQHandler
                0x08000ca4                RTC_WKUP_IRQHandler
                0x08000ca4                LTDC_IRQHandler
                0x08000ca4                ETH_WKUP_IRQHandler
                0x08000ca4                SPDIF_RX_IRQHandler
                0x08000ca4                SPI2_IRQHandler
                0x08000ca4                OTG_HS_EP1_IN_IRQHandler
                0x08000ca4                DMA1_Stream0_IRQHandler
                0x08000ca4                CAN1_TX_IRQHandler
                0x08000ca4                EXTI4_IRQHandler
                0x08000ca4                RNG_IRQHandler
                0x08000ca4                OTG_HS_EP1_OUT_IRQHandler
                0x08000ca4                WWDG_IRQHandler
                0x08000ca4                SPI6_IRQHandler
                0x08000ca4                MDIOS_IRQHandler
                0x08000ca4                I2C4_EV_IRQHandler
                0x08000ca4                CAN3_TX_IRQHandler
                0x08000ca4                TIM2_IRQHandler
                0x08000ca4                OTG_FS_WKUP_IRQHandler
                0x08000ca4                TIM1_TRG_COM_TIM11_IRQHandler
                0x08000ca4                OTG_HS_IRQHandler
                0x08000ca4                DMA2D_IRQHandler
                0x08000ca4                EXTI1_IRQHandler
                0x08000ca4                SDMMC2_IRQHandler
                0x08000ca4                UART7_IRQHandler
                0x08000ca4                USART2_IRQHandler
                0x08000ca4                DFSDM1_FLT0_IRQHandler
                0x08000ca4                I2C2_ER_IRQHandler
                0x08000ca4                DMA2_Stream1_IRQHandler
                0x08000ca4                CAN1_SCE_IRQHandler
                0x08000ca4                FLASH_IRQHandler
                0x08000ca4                DMA2_Stream4_IRQHandler
                0x08000ca4                USART1_IRQHandler
                0x08000ca4                OTG_FS_IRQHandler
                0x08000ca4                SPI3_IRQHandler
                0x08000ca4                DMA1_Stream4_IRQHandler
                0x08000ca4                I2C1_ER_IRQHandler
                0x08000ca4                FMC_IRQHandler
                0x08000ca4                LPTIM1_IRQHandler
                0x08000ca4                I2C4_ER_IRQHandler
                0x08000ca4                DMA2_Stream6_IRQHandler
                0x08000ca4                SAI1_IRQHandler
                0x08000ca4                DMA1_Stream3_IRQHandler
 .text.LAN8742_RegisterBusIO
                0x08000ca6       0x28 ./Drivers/BSP/Components/lan8742/lan8742.o
                0x08000ca6                LAN8742_RegisterBusIO
 .text.LAN8742_Init
                0x08000cce       0x5a ./Drivers/BSP/Components/lan8742/lan8742.o
                0x08000cce                LAN8742_Init
 .text.LAN8742_GetLinkState
                0x08000d28       0x94 ./Drivers/BSP/Components/lan8742/lan8742.o
                0x08000d28                LAN8742_GetLinkState
 .text.HAL_Init
                0x08000dbc       0x2c ./Drivers/STM32F7xx_HAL_Driver/Src/stm32f7xx_hal.o
                0x08000dbc                HAL_Init
 .text.HAL_IncTick
                0x08000de8       0x18 ./Drivers/STM32F7xx_HAL_Driver/Src/stm32f7xx_hal.o
                0x08000de8                HAL_IncTick
 .text.HAL_GetTick
                0x08000e00        0xc ./Drivers/STM32F7xx_HAL_Driver/Src/stm32f7xx_hal.o
                0x08000e00                HAL_GetTick
 .text.HAL_Delay
                0x08000e0c       0x24 ./Drivers/STM32F7xx_HAL_Driver/Src/stm32f7xx_hal.o
                0x08000e0c                HAL_Delay
 .text.HAL_GetREVID
                0x08000e30        0xc ./Drivers/STM32F7xx_HAL_Driver/Src/stm32f7xx_hal.o
                0x08000e30                HAL_GetREVID
 .text.HAL_NVIC_SetPriorityGrouping
                0x08000e3c       0x24 ./Drivers/STM32F7xx_HAL_Driver/Src/stm32f7xx_hal_cortex.o
                0x08000e3c                HAL_NVIC_SetPriorityGrouping
 .text.HAL_NVIC_SetPriority
                0x08000e60       0x64 ./Drivers/STM32F7xx_HAL_Driver/Src/stm32f7xx_hal_cortex.o
                0x08000e60                HAL_NVIC_SetPriority
 .text.HAL_NVIC_EnableIRQ
                0x08000ec4       0x1c ./Drivers/STM32F7xx_HAL_Driver/Src/stm32f7xx_hal_cortex.o
                0x08000ec4                HAL_NVIC_EnableIRQ
 .text.HAL_MPU_Disable
                0x08000ee0       0x1c ./Drivers/STM32F7xx_HAL_Driver/Src/stm32f7xx_hal_cortex.o
                0x08000ee0                HAL_MPU_Disable
 .text.HAL_MPU_Enable
                0x08000efc       0x20 ./Drivers/STM32F7xx_HAL_Driver/Src/stm32f7xx_hal_cortex.o
                0x08000efc                HAL_MPU_Enable
 .text.HAL_MPU_ConfigRegion
                0x08000f1c       0x58 ./Drivers/STM32F7xx_HAL_Driver/Src/stm32f7xx_hal_cortex.o
                0x08000f1c                HAL_MPU_ConfigRegion
 .text.ETH_Prepare_Tx_Descriptors
                0x08000f74      0x164 ./Drivers/STM32F7xx_HAL_Driver/Src/stm32f7xx_hal_eth.o
 .text.ETH_SetMACConfig
                0x080010d8       0xec ./Drivers/STM32F7xx_HAL_Driver/Src/stm32f7xx_hal_eth.o
 .text.ETH_SetDMAConfig
                0x080011c4       0xa4 ./Drivers/STM32F7xx_HAL_Driver/Src/stm32f7xx_hal_eth.o
 .text.ETH_FlushTransmitFIFO
                0x08001268       0x2e ./Drivers/STM32F7xx_HAL_Driver/Src/stm32f7xx_hal_eth.o
 *fill*         0x08001296        0x2 
 .text.ETH_UpdateDescriptor
                0x08001298       0x8c ./Drivers/STM32F7xx_HAL_Driver/Src/stm32f7xx_hal_eth.o
 .text.HAL_ETH_Init
                0x08001324      0x1f8 ./Drivers/STM32F7xx_HAL_Driver/Src/stm32f7xx_hal_eth.o
                0x08001324                HAL_ETH_Init
 .text.HAL_ETH_Start_IT
                0x0800151c       0x84 ./Drivers/STM32F7xx_HAL_Driver/Src/stm32f7xx_hal_eth.o
                0x0800151c                HAL_ETH_Start_IT
 .text.HAL_ETH_Stop_IT
                0x080015a0       0x8c ./Drivers/STM32F7xx_HAL_Driver/Src/stm32f7xx_hal_eth.o
                0x080015a0                HAL_ETH_Stop_IT
 .text.HAL_ETH_Transmit_IT
                0x0800162c       0x5c ./Drivers/STM32F7xx_HAL_Driver/Src/stm32f7xx_hal_eth.o
                0x0800162c                HAL_ETH_Transmit_IT
 .text.HAL_ETH_ReadData
                0x08001688       0xe8 ./Drivers/STM32F7xx_HAL_Driver/Src/stm32f7xx_hal_eth.o
                0x08001688                HAL_ETH_ReadData
 .text.HAL_ETH_ReleaseTxPacket
                0x08001770       0x5e ./Drivers/STM32F7xx_HAL_Driver/Src/stm32f7xx_hal_eth.o
                0x08001770                HAL_ETH_ReleaseTxPacket
 .text.HAL_ETH_PMTCallback
                0x080017ce        0x2 ./Drivers/STM32F7xx_HAL_Driver/Src/stm32f7xx_hal_eth.o
                0x080017ce                HAL_ETH_PMTCallback
 .text.HAL_ETH_WakeUpCallback
                0x080017d0        0x2 ./Drivers/STM32F7xx_HAL_Driver/Src/stm32f7xx_hal_eth.o
                0x080017d0                HAL_ETH_WakeUpCallback
 *fill*         0x080017d2        0x2 
 .text.HAL_ETH_IRQHandler
                0x080017d4       0xdc ./Drivers/STM32F7xx_HAL_Driver/Src/stm32f7xx_hal_eth.o
                0x080017d4                HAL_ETH_IRQHandler
 .text.HAL_ETH_ReadPHYRegister
                0x080018b0       0x4e ./Drivers/STM32F7xx_HAL_Driver/Src/stm32f7xx_hal_eth.o
                0x080018b0                HAL_ETH_ReadPHYRegister
 .text.HAL_ETH_WritePHYRegister
                0x080018fe       0x48 ./Drivers/STM32F7xx_HAL_Driver/Src/stm32f7xx_hal_eth.o
                0x080018fe                HAL_ETH_WritePHYRegister
 .text.HAL_ETH_GetMACConfig
                0x08001946       0xcc ./Drivers/STM32F7xx_HAL_Driver/Src/stm32f7xx_hal_eth.o
                0x08001946                HAL_ETH_GetMACConfig
 .text.HAL_ETH_SetMACConfig
                0x08001a12       0x18 ./Drivers/STM32F7xx_HAL_Driver/Src/stm32f7xx_hal_eth.o
                0x08001a12                HAL_ETH_SetMACConfig
 *fill*         0x08001a2a        0x2 
 .text.HAL_ETH_SetMDIOClockRange
                0x08001a2c       0x54 ./Drivers/STM32F7xx_HAL_Driver/Src/stm32f7xx_hal_eth.o
                0x08001a2c                HAL_ETH_SetMDIOClockRange
 .text.HAL_ETH_GetError
                0x08001a80        0x6 ./Drivers/STM32F7xx_HAL_Driver/Src/stm32f7xx_hal_eth.o
                0x08001a80                HAL_ETH_GetError
 .text.HAL_ETH_GetDMAError
                0x08001a86        0x6 ./Drivers/STM32F7xx_HAL_Driver/Src/stm32f7xx_hal_eth.o
                0x08001a86                HAL_ETH_GetDMAError
 .text.HAL_GPIO_Init
                0x08001a8c      0x1c8 ./Drivers/STM32F7xx_HAL_Driver/Src/stm32f7xx_hal_gpio.o
                0x08001a8c                HAL_GPIO_Init
 .text.HAL_GPIO_WritePin
                0x08001c54        0xa ./Drivers/STM32F7xx_HAL_Driver/Src/stm32f7xx_hal_gpio.o
                0x08001c54                HAL_GPIO_WritePin
 .text.HAL_PCD_Init
                0x08001c5e       0xe8 ./Drivers/STM32F7xx_HAL_Driver/Src/stm32f7xx_hal_pcd.o
                0x08001c5e                HAL_PCD_Init
 .text.HAL_PCDEx_ActivateLPM
                0x08001d46       0x26 ./Drivers/STM32F7xx_HAL_Driver/Src/stm32f7xx_hal_pcd_ex.o
                0x08001d46                HAL_PCDEx_ActivateLPM
 .text.HAL_PWR_EnableBkUpAccess
                0x08001d6c       0x10 ./Drivers/STM32F7xx_HAL_Driver/Src/stm32f7xx_hal_pwr.o
                0x08001d6c                HAL_PWR_EnableBkUpAccess
 .text.HAL_PWREx_EnableOverDrive
                0x08001d7c       0x70 ./Drivers/STM32F7xx_HAL_Driver/Src/stm32f7xx_hal_pwr_ex.o
                0x08001d7c                HAL_PWREx_EnableOverDrive
 .text.HAL_RCC_OscConfig
                0x08001dec      0x388 ./Drivers/STM32F7xx_HAL_Driver/Src/stm32f7xx_hal_rcc.o
                0x08001dec                HAL_RCC_OscConfig
 .text.HAL_RCC_GetSysClockFreq
                0x08002174       0x5c ./Drivers/STM32F7xx_HAL_Driver/Src/stm32f7xx_hal_rcc.o
                0x08002174                HAL_RCC_GetSysClockFreq
 .text.HAL_RCC_ClockConfig
                0x080021d0      0x13c ./Drivers/STM32F7xx_HAL_Driver/Src/stm32f7xx_hal_rcc.o
                0x080021d0                HAL_RCC_ClockConfig
 .text.HAL_RCC_GetHCLKFreq
                0x0800230c        0xc ./Drivers/STM32F7xx_HAL_Driver/Src/stm32f7xx_hal_rcc.o
                0x0800230c                HAL_RCC_GetHCLKFreq
 .text.HAL_RCC_GetPCLK1Freq
                0x08002318       0x20 ./Drivers/STM32F7xx_HAL_Driver/Src/stm32f7xx_hal_rcc.o
                0x08002318                HAL_RCC_GetPCLK1Freq
 .text.HAL_RCC_GetPCLK2Freq
                0x08002338       0x20 ./Drivers/STM32F7xx_HAL_Driver/Src/stm32f7xx_hal_rcc.o
                0x08002338                HAL_RCC_GetPCLK2Freq
 .text.HAL_RCC_GetClockConfig
                0x08002358       0x3c ./Drivers/STM32F7xx_HAL_Driver/Src/stm32f7xx_hal_rcc.o
                0x08002358                HAL_RCC_GetClockConfig
 .text.HAL_RCCEx_PeriphCLKConfig
                0x08002394      0x55c ./Drivers/STM32F7xx_HAL_Driver/Src/stm32f7xx_hal_rcc_ex.o
                0x08002394                HAL_RCCEx_PeriphCLKConfig
 .text.HAL_TIM_Base_MspInit
                0x080028f0        0x2 ./Drivers/STM32F7xx_HAL_Driver/Src/stm32f7xx_hal_tim.o
                0x080028f0                HAL_TIM_Base_MspInit
 *fill*         0x080028f2        0x2 
 .text.HAL_TIM_Base_Start_IT
                0x080028f4       0x7c ./Drivers/STM32F7xx_HAL_Driver/Src/stm32f7xx_hal_tim.o
                0x080028f4                HAL_TIM_Base_Start_IT
 .text.HAL_TIM_OC_DelayElapsedCallback
                0x08002970        0x2 ./Drivers/STM32F7xx_HAL_Driver/Src/stm32f7xx_hal_tim.o
                0x08002970                HAL_TIM_OC_DelayElapsedCallback
 .text.HAL_TIM_IC_CaptureCallback
                0x08002972        0x2 ./Drivers/STM32F7xx_HAL_Driver/Src/stm32f7xx_hal_tim.o
                0x08002972                HAL_TIM_IC_CaptureCallback
 .text.HAL_TIM_PWM_PulseFinishedCallback
                0x08002974        0x2 ./Drivers/STM32F7xx_HAL_Driver/Src/stm32f7xx_hal_tim.o
                0x08002974                HAL_TIM_PWM_PulseFinishedCallback
 .text.HAL_TIM_TriggerCallback
                0x08002976        0x2 ./Drivers/STM32F7xx_HAL_Driver/Src/stm32f7xx_hal_tim.o
                0x08002976                HAL_TIM_TriggerCallback
 .text.HAL_TIM_IRQHandler
                0x08002978      0x140 ./Drivers/STM32F7xx_HAL_Driver/Src/stm32f7xx_hal_tim.o
                0x08002978                HAL_TIM_IRQHandler
 .text.TIM_Base_SetConfig
                0x08002ab8       0xa8 ./Drivers/STM32F7xx_HAL_Driver/Src/stm32f7xx_hal_tim.o
                0x08002ab8                TIM_Base_SetConfig
 .text.HAL_TIM_Base_Init
                0x08002b60       0x60 ./Drivers/STM32F7xx_HAL_Driver/Src/stm32f7xx_hal_tim.o
                0x08002b60                HAL_TIM_Base_Init
 .text.HAL_TIMEx_CommutCallback
                0x08002bc0        0x2 ./Drivers/STM32F7xx_HAL_Driver/Src/stm32f7xx_hal_tim_ex.o
                0x08002bc0                HAL_TIMEx_CommutCallback
 .text.HAL_TIMEx_BreakCallback
                0x08002bc2        0x2 ./Drivers/STM32F7xx_HAL_Driver/Src/stm32f7xx_hal_tim_ex.o
                0x08002bc2                HAL_TIMEx_BreakCallback
 .text.HAL_TIMEx_Break2Callback
                0x08002bc4        0x2 ./Drivers/STM32F7xx_HAL_Driver/Src/stm32f7xx_hal_tim_ex.o
                0x08002bc4                HAL_TIMEx_Break2Callback
 .text.UART_EndRxTransfer
                0x08002bc6       0x50 ./Drivers/STM32F7xx_HAL_Driver/Src/stm32f7xx_hal_uart.o
 *fill*         0x08002c16        0x2 
 .text.UART_SetConfig
                0x08002c18      0x1fc ./Drivers/STM32F7xx_HAL_Driver/Src/stm32f7xx_hal_uart.o
                0x08002c18                UART_SetConfig
 .text.UART_AdvFeatureConfig
                0x08002e14       0xaa ./Drivers/STM32F7xx_HAL_Driver/Src/stm32f7xx_hal_uart.o
                0x08002e14                UART_AdvFeatureConfig
 .text.UART_WaitOnFlagUntilTimeout
                0x08002ebe       0x90 ./Drivers/STM32F7xx_HAL_Driver/Src/stm32f7xx_hal_uart.o
                0x08002ebe                UART_WaitOnFlagUntilTimeout
 .text.HAL_UART_Transmit
                0x08002f4e       0xa2 ./Drivers/STM32F7xx_HAL_Driver/Src/stm32f7xx_hal_uart.o
                0x08002f4e                HAL_UART_Transmit
 .text.UART_CheckIdleState
                0x08002ff0       0xb2 ./Drivers/STM32F7xx_HAL_Driver/Src/stm32f7xx_hal_uart.o
                0x08002ff0                UART_CheckIdleState
 .text.HAL_UART_Init
                0x080030a2       0x5c ./Drivers/STM32F7xx_HAL_Driver/Src/stm32f7xx_hal_uart.o
                0x080030a2                HAL_UART_Init
 .text.USB_CoreReset
                0x080030fe       0x50 ./Drivers/STM32F7xx_HAL_Driver/Src/stm32f7xx_ll_usb.o
 .text.USB_CoreInit
                0x0800314e       0x7c ./Drivers/STM32F7xx_HAL_Driver/Src/stm32f7xx_ll_usb.o
                0x0800314e                USB_CoreInit
 .text.USB_DisableGlobalInt
                0x080031ca        0xc ./Drivers/STM32F7xx_HAL_Driver/Src/stm32f7xx_ll_usb.o
                0x080031ca                USB_DisableGlobalInt
 .text.USB_SetCurrentMode
                0x080031d6       0x5c ./Drivers/STM32F7xx_HAL_Driver/Src/stm32f7xx_ll_usb.o
                0x080031d6                USB_SetCurrentMode
 .text.USB_FlushTxFifo
                0x08003232       0x46 ./Drivers/STM32F7xx_HAL_Driver/Src/stm32f7xx_ll_usb.o
                0x08003232                USB_FlushTxFifo
 .text.USB_FlushRxFifo
                0x08003278       0x42 ./Drivers/STM32F7xx_HAL_Driver/Src/stm32f7xx_ll_usb.o
                0x08003278                USB_FlushRxFifo
 .text.USB_SetDevSpeed
                0x080032ba        0xe ./Drivers/STM32F7xx_HAL_Driver/Src/stm32f7xx_ll_usb.o
                0x080032ba                USB_SetDevSpeed
 .text.USB_DevInit
                0x080032c8      0x170 ./Drivers/STM32F7xx_HAL_Driver/Src/stm32f7xx_ll_usb.o
                0x080032c8                USB_DevInit
 .text.USB_DevDisconnect
                0x08003438       0x1c ./Drivers/STM32F7xx_HAL_Driver/Src/stm32f7xx_ll_usb.o
                0x08003438                USB_DevDisconnect
 .text.ethernet_link_status_updated
                0x08003454       0x18 ./LWIP/App/lwip.o
 .text.MX_LWIP_Init
                0x0800346c       0x84 ./LWIP/App/lwip.o
                0x0800346c                MX_LWIP_Init
 .text.ETH_PHY_IO_DeInit
                0x080034f0        0x4 ./LWIP/Target/ethernetif.o
                0x080034f0                ETH_PHY_IO_DeInit
 .text.low_level_output
                0x080034f4       0x90 ./LWIP/Target/ethernetif.o
 .text.RMII_Thread
                0x08003584       0x4c ./LWIP/Target/ethernetif.o
 .text.ETH_PHY_IO_GetTick
                0x080035d0        0x4 ./LWIP/Target/ethernetif.o
                0x080035d0                ETH_PHY_IO_GetTick
 .text.ETH_PHY_IO_Init
                0x080035d4       0x10 ./LWIP/Target/ethernetif.o
                0x080035d4                ETH_PHY_IO_Init
 .text.ETH_PHY_IO_ReadReg
                0x080035e4       0x1c ./LWIP/Target/ethernetif.o
                0x080035e4                ETH_PHY_IO_ReadReg
 .text.ETH_PHY_IO_WriteReg
                0x08003600       0x1c ./LWIP/Target/ethernetif.o
                0x08003600                ETH_PHY_IO_WriteReg
 .text.pbuf_free_custom
                0x0800361c       0x30 ./LWIP/Target/ethernetif.o
                0x0800361c                pbuf_free_custom
 .text.ethernetif_input
                0x0800364c       0x58 ./LWIP/Target/ethernetif.o
 .text.HAL_ETH_RxCpltCallback
                0x080036a4        0xc ./LWIP/Target/ethernetif.o
                0x080036a4                HAL_ETH_RxCpltCallback
 .text.HAL_ETH_TxCpltCallback
                0x080036b0        0xc ./LWIP/Target/ethernetif.o
                0x080036b0                HAL_ETH_TxCpltCallback
 .text.HAL_ETH_ErrorCallback
                0x080036bc       0x1c ./LWIP/Target/ethernetif.o
                0x080036bc                HAL_ETH_ErrorCallback
 .text.ethernetif_init
                0x080036d8      0x208 ./LWIP/Target/ethernetif.o
                0x080036d8                ethernetif_init
 .text.sys_now  0x080038e0        0x4 ./LWIP/Target/ethernetif.o
                0x080038e0                sys_now
 .text.HAL_ETH_MspInit
                0x080038e4      0x11c ./LWIP/Target/ethernetif.o
                0x080038e4                HAL_ETH_MspInit
 .text.ethernet_link_thread
                0x08003a00       0xa8 ./LWIP/Target/ethernetif.o
                0x08003a00                ethernet_link_thread
 .text.HAL_ETH_RxAllocateCallback
                0x08003aa8       0x44 ./LWIP/Target/ethernetif.o
                0x08003aa8                HAL_ETH_RxAllocateCallback
 .text.HAL_ETH_RxLinkCallback
                0x08003aec       0x54 ./LWIP/Target/ethernetif.o
                0x08003aec                HAL_ETH_RxLinkCallback
 .text.HAL_ETH_TxFreeCallback
                0x08003b40        0x4 ./LWIP/Target/ethernetif.o
                0x08003b40                HAL_ETH_TxFreeCallback
 .text.osKernelStart
                0x08003b44        0xa ./Middlewares/Third_Party/FreeRTOS/Source/CMSIS_RTOS/cmsis_os.o
                0x08003b44                osKernelStart
 .text.osKernelSysTick
                0x08003b4e        0xe ./Middlewares/Third_Party/FreeRTOS/Source/CMSIS_RTOS/cmsis_os.o
                0x08003b4e                osKernelSysTick
 .text.osThreadCreate
                0x08003b5c       0x50 ./Middlewares/Third_Party/FreeRTOS/Source/CMSIS_RTOS/cmsis_os.o
                0x08003b5c                osThreadCreate
 .text.osThreadTerminate
                0x08003bac        0xa ./Middlewares/Third_Party/FreeRTOS/Source/CMSIS_RTOS/cmsis_os.o
                0x08003bac                osThreadTerminate
 .text.osDelay  0x08003bb6       0x10 ./Middlewares/Third_Party/FreeRTOS/Source/CMSIS_RTOS/cmsis_os.o
                0x08003bb6                osDelay
 .text.osMutexCreate
                0x08003bc6        0xe ./Middlewares/Third_Party/FreeRTOS/Source/CMSIS_RTOS/cmsis_os.o
                0x08003bc6                osMutexCreate
 .text.osMutexWait
                0x08003bd4       0x4c ./Middlewares/Third_Party/FreeRTOS/Source/CMSIS_RTOS/cmsis_os.o
                0x08003bd4                osMutexWait
 .text.osMutexRelease
                0x08003c20       0x48 ./Middlewares/Third_Party/FreeRTOS/Source/CMSIS_RTOS/cmsis_os.o
                0x08003c20                osMutexRelease
 .text.osSemaphoreCreate
                0x08003c68       0x46 ./Middlewares/Third_Party/FreeRTOS/Source/CMSIS_RTOS/cmsis_os.o
                0x08003c68                osSemaphoreCreate
 .text.osSemaphoreWait
                0x08003cae       0x4c ./Middlewares/Third_Party/FreeRTOS/Source/CMSIS_RTOS/cmsis_os.o
                0x08003cae                osSemaphoreWait
 .text.osSemaphoreRelease
                0x08003cfa        0x4 ./Middlewares/Third_Party/FreeRTOS/Source/CMSIS_RTOS/cmsis_os.o
                0x08003cfa                osSemaphoreRelease
 .text.osMessageCreate
                0x08003cfe       0x24 ./Middlewares/Third_Party/FreeRTOS/Source/CMSIS_RTOS/cmsis_os.o
                0x08003cfe                osMessageCreate
 .text.osMessagePut
                0x08003d22       0x52 ./Middlewares/Third_Party/FreeRTOS/Source/CMSIS_RTOS/cmsis_os.o
                0x08003d22                osMessagePut
 .text.osMessageGet
                0x08003d74       0x74 ./Middlewares/Third_Party/FreeRTOS/Source/CMSIS_RTOS/cmsis_os.o
                0x08003d74                osMessageGet
 .text.vListInitialise
                0x08003de8       0x16 ./Middlewares/Third_Party/FreeRTOS/Source/list.o
                0x08003de8                vListInitialise
 .text.vListInitialiseItem
                0x08003dfe        0x6 ./Middlewares/Third_Party/FreeRTOS/Source/list.o
                0x08003dfe                vListInitialiseItem
 .text.vListInsertEnd
                0x08003e04       0x16 ./Middlewares/Third_Party/FreeRTOS/Source/list.o
                0x08003e04                vListInsertEnd
 .text.vListInsert
                0x08003e1a       0x2e ./Middlewares/Third_Party/FreeRTOS/Source/list.o
                0x08003e1a                vListInsert
 .text.uxListRemove
                0x08003e48       0x20 ./Middlewares/Third_Party/FreeRTOS/Source/list.o
                0x08003e48                uxListRemove
 .text.prvIsQueueEmpty
                0x08003e68       0x16 ./Middlewares/Third_Party/FreeRTOS/Source/queue.o
 .text.prvCopyDataToQueue
                0x08003e7e       0x66 ./Middlewares/Third_Party/FreeRTOS/Source/queue.o
 .text.prvCopyDataFromQueue
                0x08003ee4       0x2a ./Middlewares/Third_Party/FreeRTOS/Source/queue.o
 .text.prvUnlockQueue
                0x08003f0e       0x6c ./Middlewares/Third_Party/FreeRTOS/Source/queue.o
 .text.xQueueGenericReset
                0x08003f7a       0x82 ./Middlewares/Third_Party/FreeRTOS/Source/queue.o
                0x08003f7a                xQueueGenericReset
 .text.xQueueGenericCreateStatic.part.0.isra.0
                0x08003ffc       0x90 ./Middlewares/Third_Party/FreeRTOS/Source/queue.o
 .text.xQueueGenericCreateStatic
                0x0800408c       0x1c ./Middlewares/Third_Party/FreeRTOS/Source/queue.o
                0x0800408c                xQueueGenericCreateStatic
 .text.xQueueGenericCreate
                0x080040a8       0x4c ./Middlewares/Third_Party/FreeRTOS/Source/queue.o
                0x080040a8                xQueueGenericCreate
 .text.xQueueGenericSend
                0x080040f4      0x174 ./Middlewares/Third_Party/FreeRTOS/Source/queue.o
                0x080040f4                xQueueGenericSend
 .text.xQueueCreateMutexStatic
                0x08004268       0x26 ./Middlewares/Third_Party/FreeRTOS/Source/queue.o
                0x08004268                xQueueCreateMutexStatic
 .text.xQueueCreateMutex
                0x0800428e       0x34 ./Middlewares/Third_Party/FreeRTOS/Source/queue.o
                0x0800428e                xQueueCreateMutex
 .text.xQueueGenericSendFromISR
                0x080042c2       0xc8 ./Middlewares/Third_Party/FreeRTOS/Source/queue.o
                0x080042c2                xQueueGenericSendFromISR
 .text.xQueueGiveFromISR
                0x0800438a       0xb2 ./Middlewares/Third_Party/FreeRTOS/Source/queue.o
                0x0800438a                xQueueGiveFromISR
 .text.xQueueReceive
                0x0800443c      0x148 ./Middlewares/Third_Party/FreeRTOS/Source/queue.o
                0x0800443c                xQueueReceive
 .text.xQueueSemaphoreTake
                0x08004584      0x18a ./Middlewares/Third_Party/FreeRTOS/Source/queue.o
                0x08004584                xQueueSemaphoreTake
 .text.xQueueReceiveFromISR
                0x0800470e       0xa6 ./Middlewares/Third_Party/FreeRTOS/Source/queue.o
                0x0800470e                xQueueReceiveFromISR
 .text.prvAddNewTaskToReadyList
                0x080047b4       0xfc ./Middlewares/Third_Party/FreeRTOS/Source/tasks.o
 .text.prvAddCurrentTaskToDelayedList
                0x080048b0       0x88 ./Middlewares/Third_Party/FreeRTOS/Source/tasks.o
 .text.prvResetNextTaskUnblockTime
                0x08004938       0x24 ./Middlewares/Third_Party/FreeRTOS/Source/tasks.o
 .text.prvDeleteTCB
                0x0800495c       0x40 ./Middlewares/Third_Party/FreeRTOS/Source/tasks.o
 .text.prvIdleTask
                0x0800499c       0x60 ./Middlewares/Third_Party/FreeRTOS/Source/tasks.o
 .text.prvInitialiseNewTask.constprop.0
                0x080049fc       0xb0 ./Middlewares/Third_Party/FreeRTOS/Source/tasks.o
 .text.xTaskCreateStatic
                0x08004aac       0x7c ./Middlewares/Third_Party/FreeRTOS/Source/tasks.o
                0x08004aac                xTaskCreateStatic
 .text.xTaskCreate
                0x08004b28       0x5c ./Middlewares/Third_Party/FreeRTOS/Source/tasks.o
                0x08004b28                xTaskCreate
 .text.vTaskDelete
                0x08004b84       0xd8 ./Middlewares/Third_Party/FreeRTOS/Source/tasks.o
                0x08004b84                vTaskDelete
 .text.vTaskStartScheduler
                0x08004c5c       0x88 ./Middlewares/Third_Party/FreeRTOS/Source/tasks.o
                0x08004c5c                vTaskStartScheduler
 .text.vTaskSuspendAll
                0x08004ce4       0x10 ./Middlewares/Third_Party/FreeRTOS/Source/tasks.o
                0x08004ce4                vTaskSuspendAll
 .text.xTaskGetTickCount
                0x08004cf4        0xc ./Middlewares/Third_Party/FreeRTOS/Source/tasks.o
                0x08004cf4                xTaskGetTickCount
 .text.xTaskGetTickCountFromISR
                0x08004d00       0x10 ./Middlewares/Third_Party/FreeRTOS/Source/tasks.o
                0x08004d00                xTaskGetTickCountFromISR
 .text.xTaskIncrementTick
                0x08004d10      0x134 ./Middlewares/Third_Party/FreeRTOS/Source/tasks.o
                0x08004d10                xTaskIncrementTick
 .text.xTaskResumeAll
                0x08004e44       0xf0 ./Middlewares/Third_Party/FreeRTOS/Source/tasks.o
                0x08004e44                xTaskResumeAll
 .text.vTaskDelay
                0x08004f34       0x4c ./Middlewares/Third_Party/FreeRTOS/Source/tasks.o
                0x08004f34                vTaskDelay
 .text.vTaskSwitchContext
                0x08004f80       0x84 ./Middlewares/Third_Party/FreeRTOS/Source/tasks.o
                0x08004f80                vTaskSwitchContext
 .text.vTaskPlaceOnEventList
                0x08005004       0x38 ./Middlewares/Third_Party/FreeRTOS/Source/tasks.o
                0x08005004                vTaskPlaceOnEventList
 .text.xTaskRemoveFromEventList
                0x0800503c       0x88 ./Middlewares/Third_Party/FreeRTOS/Source/tasks.o
                0x0800503c                xTaskRemoveFromEventList
 .text.vTaskInternalSetTimeOutState
                0x080050c4       0x18 ./Middlewares/Third_Party/FreeRTOS/Source/tasks.o
                0x080050c4                vTaskInternalSetTimeOutState
 .text.xTaskCheckForTimeOut
                0x080050dc       0x80 ./Middlewares/Third_Party/FreeRTOS/Source/tasks.o
                0x080050dc                xTaskCheckForTimeOut
 .text.vTaskMissedYield
                0x0800515c        0xc ./Middlewares/Third_Party/FreeRTOS/Source/tasks.o
                0x0800515c                vTaskMissedYield
 .text.xTaskGetSchedulerState
                0x08005168       0x20 ./Middlewares/Third_Party/FreeRTOS/Source/tasks.o
                0x08005168                xTaskGetSchedulerState
 .text.xTaskPriorityInherit
                0x08005188       0x9c ./Middlewares/Third_Party/FreeRTOS/Source/tasks.o
                0x08005188                xTaskPriorityInherit
 .text.xTaskPriorityDisinherit
                0x08005224       0xa8 ./Middlewares/Third_Party/FreeRTOS/Source/tasks.o
                0x08005224                xTaskPriorityDisinherit
 .text.vTaskPriorityDisinheritAfterTimeout
                0x080052cc       0xb8 ./Middlewares/Third_Party/FreeRTOS/Source/tasks.o
                0x080052cc                vTaskPriorityDisinheritAfterTimeout
 .text.pvTaskIncrementMutexHeldCount
                0x08005384       0x18 ./Middlewares/Third_Party/FreeRTOS/Source/tasks.o
                0x08005384                pvTaskIncrementMutexHeldCount
 .text.prvPortStartFirstTask
                0x0800539c       0x28 ./Middlewares/Third_Party/FreeRTOS/Source/portable/GCC/ARM_CM7/r0p1/port.o
 .text.vPortEnableVFP
                0x080053c4       0x14 ./Middlewares/Third_Party/FreeRTOS/Source/portable/GCC/ARM_CM7/r0p1/port.o
 .text.prvTaskExitError
                0x080053d8       0x48 ./Middlewares/Third_Party/FreeRTOS/Source/portable/GCC/ARM_CM7/r0p1/port.o
 .text.pxPortInitialiseStack
                0x08005420       0x24 ./Middlewares/Third_Party/FreeRTOS/Source/portable/GCC/ARM_CM7/r0p1/port.o
                0x08005420                pxPortInitialiseStack
 *fill*         0x08005444        0xc 
 .text.SVC_Handler
                0x08005450       0x24 ./Middlewares/Third_Party/FreeRTOS/Source/portable/GCC/ARM_CM7/r0p1/port.o
                0x08005450                SVC_Handler
 .text.vPortEnterCritical
                0x08005474       0x48 ./Middlewares/Third_Party/FreeRTOS/Source/portable/GCC/ARM_CM7/r0p1/port.o
                0x08005474                vPortEnterCritical
 .text.vPortExitCritical
                0x080054bc       0x2c ./Middlewares/Third_Party/FreeRTOS/Source/portable/GCC/ARM_CM7/r0p1/port.o
                0x080054bc                vPortExitCritical
 *fill*         0x080054e8        0x8 
 .text.PendSV_Handler
                0x080054f0       0x64 ./Middlewares/Third_Party/FreeRTOS/Source/portable/GCC/ARM_CM7/r0p1/port.o
                0x080054f0                PendSV_Handler
 .text.SysTick_Handler
                0x08005554       0x30 ./Middlewares/Third_Party/FreeRTOS/Source/portable/GCC/ARM_CM7/r0p1/port.o
                0x08005554                SysTick_Handler
 .text.vPortSetupTimerInterrupt
                0x08005584       0x24 ./Middlewares/Third_Party/FreeRTOS/Source/portable/GCC/ARM_CM7/r0p1/port.o
                0x08005584                vPortSetupTimerInterrupt
 .text.xPortStartScheduler
                0x080055a8       0xc4 ./Middlewares/Third_Party/FreeRTOS/Source/portable/GCC/ARM_CM7/r0p1/port.o
                0x080055a8                xPortStartScheduler
 .text.vPortValidateInterruptPriority
                0x0800566c       0x64 ./Middlewares/Third_Party/FreeRTOS/Source/portable/GCC/ARM_CM7/r0p1/port.o
                0x0800566c                vPortValidateInterruptPriority
 .text.prvInsertBlockIntoFreeList
                0x080056d0       0x4c ./Middlewares/Third_Party/FreeRTOS/Source/portable/MemMang/heap_4.o
 .text.pvPortMalloc
                0x0800571c      0x128 ./Middlewares/Third_Party/FreeRTOS/Source/portable/MemMang/heap_4.o
                0x0800571c                pvPortMalloc
 .text.vPortFree
                0x08005844       0x78 ./Middlewares/Third_Party/FreeRTOS/Source/portable/MemMang/heap_4.o
                0x08005844                vPortFree
 .text.tcpip_thread
                0x080058bc       0xd0 ./Middlewares/Third_Party/LwIP/src/api/tcpip.o
 .text.tcpip_inpkt
                0x0800598c       0x58 ./Middlewares/Third_Party/LwIP/src/api/tcpip.o
                0x0800598c                tcpip_inpkt
 .text.tcpip_input
                0x080059e4       0x1c ./Middlewares/Third_Party/LwIP/src/api/tcpip.o
                0x080059e4                tcpip_input
 .text.tcpip_try_callback
                0x08005a00       0x58 ./Middlewares/Third_Party/LwIP/src/api/tcpip.o
                0x08005a00                tcpip_try_callback
 .text.tcpip_init
                0x08005a58       0x7c ./Middlewares/Third_Party/LwIP/src/api/tcpip.o
                0x08005a58                tcpip_init
 .text.lwip_htons
                0x08005ad4        0x6 ./Middlewares/Third_Party/LwIP/src/core/def.o
                0x08005ad4                lwip_htons
 .text.lwip_htonl
                0x08005ada        0x4 ./Middlewares/Third_Party/LwIP/src/core/def.o
                0x08005ada                lwip_htonl
 .text.lwip_init
                0x08005ade       0x22 ./Middlewares/Third_Party/LwIP/src/core/init.o
                0x08005ade                lwip_init
 .text.mem_init
                0x08005b00       0x68 ./Middlewares/Third_Party/LwIP/src/core/mem.o
                0x08005b00                mem_init
 .text.mem_free
                0x08005b68      0x1b0 ./Middlewares/Third_Party/LwIP/src/core/mem.o
                0x08005b68                mem_free
 .text.mem_trim
                0x08005d18      0x16c ./Middlewares/Third_Party/LwIP/src/core/mem.o
                0x08005d18                mem_trim
 .text.mem_malloc
                0x08005e84      0x14c ./Middlewares/Third_Party/LwIP/src/core/mem.o
                0x08005e84                mem_malloc
 .text.do_memp_malloc_pool
                0x08005fd0       0x3c ./Middlewares/Third_Party/LwIP/src/core/memp.o
 .text.do_memp_free_pool
                0x0800600c       0x38 ./Middlewares/Third_Party/LwIP/src/core/memp.o
 .text.memp_init_pool
                0x08006044       0x26 ./Middlewares/Third_Party/LwIP/src/core/memp.o
                0x08006044                memp_init_pool
 *fill*         0x0800606a        0x2 
 .text.memp_init
                0x0800606c       0x1c ./Middlewares/Third_Party/LwIP/src/core/memp.o
                0x0800606c                memp_init
 .text.memp_malloc_pool
                0x08006088       0x2c ./Middlewares/Third_Party/LwIP/src/core/memp.o
                0x08006088                memp_malloc_pool
 .text.memp_malloc
                0x080060b4       0x38 ./Middlewares/Third_Party/LwIP/src/core/memp.o
                0x080060b4                memp_malloc
 .text.memp_free_pool
                0x080060ec       0x24 ./Middlewares/Third_Party/LwIP/src/core/memp.o
                0x080060ec                memp_free_pool
 .text.memp_free
                0x08006110       0x30 ./Middlewares/Third_Party/LwIP/src/core/memp.o
                0x08006110                memp_free
 .text.netif_null_output_ip4
                0x08006140        0x6 ./Middlewares/Third_Party/LwIP/src/core/netif.o
 *fill*         0x08006146        0x2 
 .text.netif_issue_reports
                0x08006148       0x44 ./Middlewares/Third_Party/LwIP/src/core/netif.o
 .text.netif_do_set_ipaddr
                0x0800618c       0x42 ./Middlewares/Third_Party/LwIP/src/core/netif.o
 .text.netif_init
                0x080061ce        0x2 ./Middlewares/Third_Party/LwIP/src/core/netif.o
                0x080061ce                netif_init
 .text.netif_set_default
                0x080061d0        0xc ./Middlewares/Third_Party/LwIP/src/core/netif.o
                0x080061d0                netif_set_default
 .text.netif_set_link_callback
                0x080061dc        0x6 ./Middlewares/Third_Party/LwIP/src/core/netif.o
                0x080061dc                netif_set_link_callback
 *fill*         0x080061e2        0x2 
 .text.netif_get_by_index
                0x080061e4       0x24 ./Middlewares/Third_Party/LwIP/src/core/netif.o
                0x080061e4                netif_get_by_index
 .text.netif_invoke_ext_callback
                0x08006208       0x40 ./Middlewares/Third_Party/LwIP/src/core/netif.o
                0x08006208                netif_invoke_ext_callback
 .text.netif_set_addr
                0x08006248       0xac ./Middlewares/Third_Party/LwIP/src/core/netif.o
                0x08006248                netif_set_addr
 .text.netif_add
                0x080062f4      0x128 ./Middlewares/Third_Party/LwIP/src/core/netif.o
                0x080062f4                netif_add
 .text.netif_set_up
                0x0800641c       0x60 ./Middlewares/Third_Party/LwIP/src/core/netif.o
                0x0800641c                netif_set_up
 .text.netif_set_down
                0x0800647c       0x64 ./Middlewares/Third_Party/LwIP/src/core/netif.o
                0x0800647c                netif_set_down
 .text.netif_set_link_up
                0x080064e0       0x60 ./Middlewares/Third_Party/LwIP/src/core/netif.o
                0x080064e0                netif_set_link_up
 .text.netif_set_link_down
                0x08006540       0x50 ./Middlewares/Third_Party/LwIP/src/core/netif.o
                0x08006540                netif_set_link_down
 .text.pbuf_add_header_impl
                0x08006590       0x68 ./Middlewares/Third_Party/LwIP/src/core/pbuf.o
 .text.pbuf_free_ooseq_callback
                0x080065f8       0x30 ./Middlewares/Third_Party/LwIP/src/core/pbuf.o
 .text.pbuf_alloc_reference
                0x08006628       0x48 ./Middlewares/Third_Party/LwIP/src/core/pbuf.o
                0x08006628                pbuf_alloc_reference
 .text.pbuf_alloced_custom
                0x08006670       0x32 ./Middlewares/Third_Party/LwIP/src/core/pbuf.o
                0x08006670                pbuf_alloced_custom
 .text.pbuf_add_header
                0x080066a2        0x6 ./Middlewares/Third_Party/LwIP/src/core/pbuf.o
                0x080066a2                pbuf_add_header
 .text.pbuf_remove_header
                0x080066a8       0x58 ./Middlewares/Third_Party/LwIP/src/core/pbuf.o
                0x080066a8                pbuf_remove_header
 .text.pbuf_header_force
                0x08006700       0x10 ./Middlewares/Third_Party/LwIP/src/core/pbuf.o
                0x08006700                pbuf_header_force
 .text.pbuf_free
                0x08006710       0xd4 ./Middlewares/Third_Party/LwIP/src/core/pbuf.o
                0x08006710                pbuf_free
 .text.pbuf_alloc
                0x080067e4      0x124 ./Middlewares/Third_Party/LwIP/src/core/pbuf.o
                0x080067e4                pbuf_alloc
 .text.pbuf_realloc
                0x08006908       0xb0 ./Middlewares/Third_Party/LwIP/src/core/pbuf.o
                0x08006908                pbuf_realloc
 .text.pbuf_clen
                0x080069b8       0x10 ./Middlewares/Third_Party/LwIP/src/core/pbuf.o
                0x080069b8                pbuf_clen
 .text.pbuf_ref
                0x080069c8       0x38 ./Middlewares/Third_Party/LwIP/src/core/pbuf.o
                0x080069c8                pbuf_ref
 .text.pbuf_cat
                0x08006a00       0x74 ./Middlewares/Third_Party/LwIP/src/core/pbuf.o
                0x08006a00                pbuf_cat
 .text.pbuf_chain
                0x08006a74       0x12 ./Middlewares/Third_Party/LwIP/src/core/pbuf.o
                0x08006a74                pbuf_chain
 *fill*         0x08006a86        0x2 
 .text.pbuf_copy
                0x08006a88      0x104 ./Middlewares/Third_Party/LwIP/src/core/pbuf.o
                0x08006a88                pbuf_copy
 .text.pbuf_copy_partial
                0x08006b8c       0x84 ./Middlewares/Third_Party/LwIP/src/core/pbuf.o
                0x08006b8c                pbuf_copy_partial
 .text.pbuf_clone
                0x08006c10       0x38 ./Middlewares/Third_Party/LwIP/src/core/pbuf.o
                0x08006c10                pbuf_clone
 .text.tcp_close_shutdown_fin
                0x08006c48       0x60 ./Middlewares/Third_Party/LwIP/src/core/tcp.o
 .text.tcp_init
                0x08006ca8       0x18 ./Middlewares/Third_Party/LwIP/src/core/tcp.o
                0x08006ca8                tcp_init
 .text.tcp_free
                0x08006cc0       0x30 ./Middlewares/Third_Party/LwIP/src/core/tcp.o
                0x08006cc0                tcp_free
 .text.tcp_update_rcv_ann_wnd
                0x08006cf0       0x6c ./Middlewares/Third_Party/LwIP/src/core/tcp.o
                0x08006cf0                tcp_update_rcv_ann_wnd
 .text.tcp_recved
                0x08006d5c       0x7c ./Middlewares/Third_Party/LwIP/src/core/tcp.o
                0x08006d5c                tcp_recved
 .text.tcp_seg_free
                0x08006dd8       0x1c ./Middlewares/Third_Party/LwIP/src/core/tcp.o
                0x08006dd8                tcp_seg_free
 .text.tcp_segs_free
                0x08006df4       0x10 ./Middlewares/Third_Party/LwIP/src/core/tcp.o
                0x08006df4                tcp_segs_free
 .text.tcp_seg_copy
                0x08006e04       0x48 ./Middlewares/Third_Party/LwIP/src/core/tcp.o
                0x08006e04                tcp_seg_copy
 .text.tcp_next_iss
                0x08006e4c       0x34 ./Middlewares/Third_Party/LwIP/src/core/tcp.o
                0x08006e4c                tcp_next_iss
 .text.tcp_eff_send_mss_netif
                0x08006e80       0x3c ./Middlewares/Third_Party/LwIP/src/core/tcp.o
                0x08006e80                tcp_eff_send_mss_netif
 .text.tcp_free_ooseq
                0x08006ebc       0x12 ./Middlewares/Third_Party/LwIP/src/core/tcp.o
                0x08006ebc                tcp_free_ooseq
 *fill*         0x08006ece        0x2 
 .text.tcp_pcb_purge
                0x08006ed0       0x64 ./Middlewares/Third_Party/LwIP/src/core/tcp.o
                0x08006ed0                tcp_pcb_purge
 .text.tcp_pcb_remove
                0x08006f34       0xcc ./Middlewares/Third_Party/LwIP/src/core/tcp.o
                0x08006f34                tcp_pcb_remove
 .text.tcp_abandon
                0x08007000      0x10c ./Middlewares/Third_Party/LwIP/src/core/tcp.o
                0x08007000                tcp_abandon
 .text.tcp_abort
                0x0800710c        0x6 ./Middlewares/Third_Party/LwIP/src/core/tcp.o
                0x0800710c                tcp_abort
 *fill*         0x08007112        0x2 
 .text.tcp_netif_ip_addr_changed_pcblist
                0x08007114       0x3c ./Middlewares/Third_Party/LwIP/src/core/tcp.o
 .text.tcp_netif_ip_addr_changed
                0x08007150       0x48 ./Middlewares/Third_Party/LwIP/src/core/tcp.o
                0x08007150                tcp_netif_ip_addr_changed
 .text.tcp_kill_state
                0x08007198       0x3c ./Middlewares/Third_Party/LwIP/src/core/tcp.o
 .text.tcp_alloc
                0x080071d4      0x134 ./Middlewares/Third_Party/LwIP/src/core/tcp.o
                0x080071d4                tcp_alloc
 .text.tcp_close_shutdown
                0x08007308      0x164 ./Middlewares/Third_Party/LwIP/src/core/tcp.o
 .text.tcp_close
                0x0800746c       0x3c ./Middlewares/Third_Party/LwIP/src/core/tcp.o
                0x0800746c                tcp_close
 .text.tcp_recv_null
                0x080074a8       0x48 ./Middlewares/Third_Party/LwIP/src/core/tcp.o
                0x080074a8                tcp_recv_null
 .text.tcp_process_refused_data
                0x080074f0       0x8c ./Middlewares/Third_Party/LwIP/src/core/tcp.o
                0x080074f0                tcp_process_refused_data
 .text.tcp_fasttmr
                0x0800757c       0x80 ./Middlewares/Third_Party/LwIP/src/core/tcp.o
                0x0800757c                tcp_fasttmr
 .text.tcp_slowtmr
                0x080075fc      0x444 ./Middlewares/Third_Party/LwIP/src/core/tcp.o
                0x080075fc                tcp_slowtmr
 .text.tcp_tmr  0x08007a40       0x24 ./Middlewares/Third_Party/LwIP/src/core/tcp.o
                0x08007a40                tcp_tmr
 .text.tcp_get_next_optbyte
                0x08007a64       0x38 ./Middlewares/Third_Party/LwIP/src/core/tcp_in.o
 .text.tcp_oos_insert_segment
                0x08007a9c       0x90 ./Middlewares/Third_Party/LwIP/src/core/tcp_in.o
 .text.tcp_parseopt
                0x08007b2c       0x94 ./Middlewares/Third_Party/LwIP/src/core/tcp_in.o
 .text.tcp_input_delayed_close
                0x08007bc0       0x3c ./Middlewares/Third_Party/LwIP/src/core/tcp_in.o
 .text.tcp_free_acked_segments.isra.0
                0x08007bfc       0xc0 ./Middlewares/Third_Party/LwIP/src/core/tcp_in.o
 .text.tcp_receive
                0x08007cbc      0x848 ./Middlewares/Third_Party/LwIP/src/core/tcp_in.o
 .text.tcp_input
                0x08008504      0xaf4 ./Middlewares/Third_Party/LwIP/src/core/tcp_in.o
                0x08008504                tcp_input
 .text.tcp_trigger_input_pcb_close
                0x08008ff8       0x10 ./Middlewares/Third_Party/LwIP/src/core/tcp_in.o
                0x08008ff8                tcp_trigger_input_pcb_close
 .text.tcp_output_segment_busy
                0x08009008       0x2c ./Middlewares/Third_Party/LwIP/src/core/tcp_out.o
 .text.tcp_create_segment
                0x08009034       0xdc ./Middlewares/Third_Party/LwIP/src/core/tcp_out.o
 .text.tcp_output_alloc_header_common.constprop.0
                0x08009110       0x84 ./Middlewares/Third_Party/LwIP/src/core/tcp_out.o
 .text.tcp_output_alloc_header.constprop.0
                0x08009194       0x4c ./Middlewares/Third_Party/LwIP/src/core/tcp_out.o
 .text.tcp_output_fill_options.constprop.0
                0x080091e0       0x20 ./Middlewares/Third_Party/LwIP/src/core/tcp_out.o
 .text.tcp_output_control_segment
                0x08009200       0x70 ./Middlewares/Third_Party/LwIP/src/core/tcp_out.o
 .text.tcp_split_unsent_seg
                0x08009270      0x198 ./Middlewares/Third_Party/LwIP/src/core/tcp_out.o
                0x08009270                tcp_split_unsent_seg
 .text.tcp_enqueue_flags
                0x08009408      0x128 ./Middlewares/Third_Party/LwIP/src/core/tcp_out.o
                0x08009408                tcp_enqueue_flags
 .text.tcp_send_fin
                0x08009530       0x60 ./Middlewares/Third_Party/LwIP/src/core/tcp_out.o
                0x08009530                tcp_send_fin
 .text.tcp_rexmit_rto_prepare
                0x08009590       0x88 ./Middlewares/Third_Party/LwIP/src/core/tcp_out.o
                0x08009590                tcp_rexmit_rto_prepare
 .text.tcp_rexmit
                0x08009618       0x80 ./Middlewares/Third_Party/LwIP/src/core/tcp_out.o
                0x08009618                tcp_rexmit
 .text.tcp_rexmit_fast
                0x08009698       0x68 ./Middlewares/Third_Party/LwIP/src/core/tcp_out.o
                0x08009698                tcp_rexmit_fast
 .text.tcp_rst  0x08009700       0x8c ./Middlewares/Third_Party/LwIP/src/core/tcp_out.o
                0x08009700                tcp_rst
 .text.tcp_send_empty_ack
                0x0800978c       0x64 ./Middlewares/Third_Party/LwIP/src/core/tcp_out.o
                0x0800978c                tcp_send_empty_ack
 .text.tcp_output
                0x080097f0      0x350 ./Middlewares/Third_Party/LwIP/src/core/tcp_out.o
                0x080097f0                tcp_output
 .text.tcp_rexmit_rto_commit
                0x08009b40       0x38 ./Middlewares/Third_Party/LwIP/src/core/tcp_out.o
                0x08009b40                tcp_rexmit_rto_commit
 .text.tcp_rexmit_rto
                0x08009b78       0x34 ./Middlewares/Third_Party/LwIP/src/core/tcp_out.o
                0x08009b78                tcp_rexmit_rto
 .text.tcp_keepalive
                0x08009bac       0x50 ./Middlewares/Third_Party/LwIP/src/core/tcp_out.o
                0x08009bac                tcp_keepalive
 .text.tcp_zero_window_probe
                0x08009bfc       0xc8 ./Middlewares/Third_Party/LwIP/src/core/tcp_out.o
                0x08009bfc                tcp_zero_window_probe
 .text.sys_timeout_abs
                0x08009cc4       0x64 ./Middlewares/Third_Party/LwIP/src/core/timeouts.o
 .text.lwip_cyclic_timer
                0x08009d28       0x34 ./Middlewares/Third_Party/LwIP/src/core/timeouts.o
 .text.sys_timeout
                0x08009d5c       0x3c ./Middlewares/Third_Party/LwIP/src/core/timeouts.o
                0x08009d5c                sys_timeout
 .text.tcp_timer_needed
                0x08009d98       0x34 ./Middlewares/Third_Party/LwIP/src/core/timeouts.o
                0x08009d98                tcp_timer_needed
 .text.tcpip_tcp_timer
                0x08009dcc       0x38 ./Middlewares/Third_Party/LwIP/src/core/timeouts.o
 .text.sys_timeouts_init
                0x08009e04       0x24 ./Middlewares/Third_Party/LwIP/src/core/timeouts.o
                0x08009e04                sys_timeouts_init
 .text.sys_check_timeouts
                0x08009e28       0x44 ./Middlewares/Third_Party/LwIP/src/core/timeouts.o
                0x08009e28                sys_check_timeouts
 .text.sys_timeouts_sleeptime
                0x08009e6c       0x24 ./Middlewares/Third_Party/LwIP/src/core/timeouts.o
                0x08009e6c                sys_timeouts_sleeptime
 .text.udp_init
                0x08009e90       0x18 ./Middlewares/Third_Party/LwIP/src/core/udp.o
                0x08009e90                udp_init
 .text.udp_input
                0x08009ea8      0x1ac ./Middlewares/Third_Party/LwIP/src/core/udp.o
                0x08009ea8                udp_input
 .text.udp_bind
                0x0800a054       0xd8 ./Middlewares/Third_Party/LwIP/src/core/udp.o
                0x0800a054                udp_bind
 .text.udp_sendto_if_src
                0x0800a12c      0x130 ./Middlewares/Third_Party/LwIP/src/core/udp.o
                0x0800a12c                udp_sendto_if_src
 .text.udp_sendto_if
                0x0800a25c       0x80 ./Middlewares/Third_Party/LwIP/src/core/udp.o
                0x0800a25c                udp_sendto_if
 .text.udp_connect
                0x0800a2dc       0x74 ./Middlewares/Third_Party/LwIP/src/core/udp.o
                0x0800a2dc                udp_connect
 .text.udp_recv
                0x0800a350       0x24 ./Middlewares/Third_Party/LwIP/src/core/udp.o
                0x0800a350                udp_recv
 .text.udp_remove
                0x0800a374       0x4c ./Middlewares/Third_Party/LwIP/src/core/udp.o
                0x0800a374                udp_remove
 .text.udp_new  0x0800a3c0       0x1c ./Middlewares/Third_Party/LwIP/src/core/udp.o
                0x0800a3c0                udp_new
 .text.udp_netif_ip_addr_changed
                0x0800a3dc       0x2c ./Middlewares/Third_Party/LwIP/src/core/udp.o
                0x0800a3dc                udp_netif_ip_addr_changed
 .text.dhcp_set_state
                0x0800a408       0x10 ./Middlewares/Third_Party/LwIP/src/core/ipv4/dhcp.o
 .text.dhcp_option_short
                0x0800a418       0x38 ./Middlewares/Third_Party/LwIP/src/core/ipv4/dhcp.o
 .text.dhcp_option
                0x0800a450       0x3c ./Middlewares/Third_Party/LwIP/src/core/ipv4/dhcp.o
 .text.dhcp_option_byte
                0x0800a48c       0x30 ./Middlewares/Third_Party/LwIP/src/core/ipv4/dhcp.o
 .text.dhcp_option_long
                0x0800a4bc       0x48 ./Middlewares/Third_Party/LwIP/src/core/ipv4/dhcp.o
 .text.dhcp_create_msg
                0x0800a504      0x118 ./Middlewares/Third_Party/LwIP/src/core/ipv4/dhcp.o
 .text.dhcp_option_trailer
                0x0800a61c       0x3c ./Middlewares/Third_Party/LwIP/src/core/ipv4/dhcp.o
 .text.dhcp_discover
                0x0800a658       0xe8 ./Middlewares/Third_Party/LwIP/src/core/ipv4/dhcp.o
 .text.dhcp_check
                0x0800a740       0x2a ./Middlewares/Third_Party/LwIP/src/core/ipv4/dhcp.o
 *fill*         0x0800a76a        0x2 
 .text.dhcp_bind
                0x0800a76c      0x108 ./Middlewares/Third_Party/LwIP/src/core/ipv4/dhcp.o
 .text.dhcp_inc_pcb_refcount
                0x0800a874       0x74 ./Middlewares/Third_Party/LwIP/src/core/ipv4/dhcp.o
 .text.dhcp_dec_pcb_refcount
                0x0800a8e8       0x40 ./Middlewares/Third_Party/LwIP/src/core/ipv4/dhcp.o
 .text.dhcp_reboot.isra.0
                0x0800a928       0xf4 ./Middlewares/Third_Party/LwIP/src/core/ipv4/dhcp.o
 .text.dhcp_handle_ack.isra.0
                0x0800aa1c       0x68 ./Middlewares/Third_Party/LwIP/src/core/ipv4/dhcp.o
 .text.dhcp_select.isra.0
                0x0800aa84      0x14c ./Middlewares/Third_Party/LwIP/src/core/ipv4/dhcp.o
 .text.dhcp_recv
                0x0800abd0      0x39c ./Middlewares/Third_Party/LwIP/src/core/ipv4/dhcp.o
 .text.dhcp_network_changed
                0x0800af6c       0x58 ./Middlewares/Third_Party/LwIP/src/core/ipv4/dhcp.o
                0x0800af6c                dhcp_network_changed
 .text.dhcp_arp_reply
                0x0800afc4       0xbc ./Middlewares/Third_Party/LwIP/src/core/ipv4/dhcp.o
                0x0800afc4                dhcp_arp_reply
 .text.dhcp_renew
                0x0800b080       0xdc ./Middlewares/Third_Party/LwIP/src/core/ipv4/dhcp.o
                0x0800b080                dhcp_renew
 .text.dhcp_supplied_address
                0x0800b15c       0x1e ./Middlewares/Third_Party/LwIP/src/core/ipv4/dhcp.o
                0x0800b15c                dhcp_supplied_address
 *fill*         0x0800b17a        0x2 
 .text.dhcp_release_and_stop
                0x0800b17c       0xb4 ./Middlewares/Third_Party/LwIP/src/core/ipv4/dhcp.o
                0x0800b17c                dhcp_release_and_stop
 .text.dhcp_start
                0x0800b230       0xa8 ./Middlewares/Third_Party/LwIP/src/core/ipv4/dhcp.o
                0x0800b230                dhcp_start
 .text.dhcp_coarse_tmr
                0x0800b2d8      0x174 ./Middlewares/Third_Party/LwIP/src/core/ipv4/dhcp.o
                0x0800b2d8                dhcp_coarse_tmr
 .text.dhcp_fine_tmr
                0x0800b44c       0xa8 ./Middlewares/Third_Party/LwIP/src/core/ipv4/dhcp.o
                0x0800b44c                dhcp_fine_tmr
 .text.etharp_free_entry
                0x0800b4f4       0x28 ./Middlewares/Third_Party/LwIP/src/core/ipv4/etharp.o
 .text.etharp_find_entry
                0x0800b51c      0x11c ./Middlewares/Third_Party/LwIP/src/core/ipv4/etharp.o
 .text.etharp_raw
                0x0800b638       0xdc ./Middlewares/Third_Party/LwIP/src/core/ipv4/etharp.o
 .text.etharp_cleanup_netif
                0x0800b714       0x28 ./Middlewares/Third_Party/LwIP/src/core/ipv4/etharp.o
                0x0800b714                etharp_cleanup_netif
 .text.etharp_input
                0x0800b73c      0x164 ./Middlewares/Third_Party/LwIP/src/core/ipv4/etharp.o
                0x0800b73c                etharp_input
 .text.etharp_request
                0x0800b8a0       0x2c ./Middlewares/Third_Party/LwIP/src/core/ipv4/etharp.o
                0x0800b8a0                etharp_request
 .text.etharp_tmr
                0x0800b8cc       0x50 ./Middlewares/Third_Party/LwIP/src/core/ipv4/etharp.o
                0x0800b8cc                etharp_tmr
 .text.etharp_output_to_arp_index
                0x0800b91c       0xac ./Middlewares/Third_Party/LwIP/src/core/ipv4/etharp.o
 .text.etharp_query
                0x0800b9c8      0x134 ./Middlewares/Third_Party/LwIP/src/core/ipv4/etharp.o
                0x0800b9c8                etharp_query
 .text.etharp_output
                0x0800bafc      0x138 ./Middlewares/Third_Party/LwIP/src/core/ipv4/etharp.o
                0x0800bafc                etharp_output
 .text.icmp_send_response
                0x0800bc34       0x90 ./Middlewares/Third_Party/LwIP/src/core/ipv4/icmp.o
 .text.icmp_input
                0x0800bcc4      0x12c ./Middlewares/Third_Party/LwIP/src/core/ipv4/icmp.o
                0x0800bcc4                icmp_input
 .text.icmp_dest_unreach
                0x0800bdf0        0x8 ./Middlewares/Third_Party/LwIP/src/core/ipv4/icmp.o
                0x0800bdf0                icmp_dest_unreach
 .text.icmp_time_exceeded
                0x0800bdf8        0x8 ./Middlewares/Third_Party/LwIP/src/core/ipv4/icmp.o
                0x0800bdf8                icmp_time_exceeded
 .text.ip4_input_accept
                0x0800be00       0x34 ./Middlewares/Third_Party/LwIP/src/core/ipv4/ip4.o
 .text.ip4_route
                0x0800be34       0x5c ./Middlewares/Third_Party/LwIP/src/core/ipv4/ip4.o
                0x0800be34                ip4_route
 .text.ip4_input
                0x0800be90      0x18c ./Middlewares/Third_Party/LwIP/src/core/ipv4/ip4.o
                0x0800be90                ip4_input
 .text.ip4_output_if_src
                0x0800c01c       0xf8 ./Middlewares/Third_Party/LwIP/src/core/ipv4/ip4.o
                0x0800c01c                ip4_output_if_src
 .text.ip4_output_if
                0x0800c114       0x22 ./Middlewares/Third_Party/LwIP/src/core/ipv4/ip4.o
                0x0800c114                ip4_output_if
 .text.ip4_addr_isbroadcast_u32
                0x0800c136       0x36 ./Middlewares/Third_Party/LwIP/src/core/ipv4/ip4_addr.o
                0x0800c136                ip4_addr_isbroadcast_u32
 .text.ip4addr_ntoa_r
                0x0800c16c       0x94 ./Middlewares/Third_Party/LwIP/src/core/ipv4/ip4_addr.o
                0x0800c16c                ip4addr_ntoa_r
 .text.ip4addr_ntoa
                0x0800c200        0xc ./Middlewares/Third_Party/LwIP/src/core/ipv4/ip4_addr.o
                0x0800c200                ip4addr_ntoa
 .text.ip_reass_dequeue_datagram
                0x0800c20c       0x44 ./Middlewares/Third_Party/LwIP/src/core/ipv4/ip4_frag.o
 .text.ip_reass_free_complete_datagram
                0x0800c250       0xe8 ./Middlewares/Third_Party/LwIP/src/core/ipv4/ip4_frag.o
 .text.ip_reass_remove_oldest_datagram
                0x0800c338       0x7c ./Middlewares/Third_Party/LwIP/src/core/ipv4/ip4_frag.o
 .text.ipfrag_free_pbuf_custom
                0x0800c3b4       0x34 ./Middlewares/Third_Party/LwIP/src/core/ipv4/ip4_frag.o
 .text.ip_reass_tmr
                0x0800c3e8       0x2c ./Middlewares/Third_Party/LwIP/src/core/ipv4/ip4_frag.o
                0x0800c3e8                ip_reass_tmr
 .text.ip4_reass
                0x0800c414      0x3a0 ./Middlewares/Third_Party/LwIP/src/core/ipv4/ip4_frag.o
                0x0800c414                ip4_reass
 .text.ip4_frag
                0x0800c7b4      0x1d0 ./Middlewares/Third_Party/LwIP/src/core/ipv4/ip4_frag.o
                0x0800c7b4                ip4_frag
 .text.ethernet_input
                0x0800c984       0xa0 ./Middlewares/Third_Party/LwIP/src/netif/ethernet.o
                0x0800c984                ethernet_input
 .text.ethernet_output
                0x0800ca24       0x70 ./Middlewares/Third_Party/LwIP/src/netif/ethernet.o
                0x0800ca24                ethernet_output
 .text.sys_mbox_new
                0x0800ca94       0x24 ./Middlewares/Third_Party/LwIP/system/OS/sys_arch.o
                0x0800ca94                sys_mbox_new
 .text.sys_mbox_trypost
                0x0800cab8       0x14 ./Middlewares/Third_Party/LwIP/system/OS/sys_arch.o
                0x0800cab8                sys_mbox_trypost
 .text.sys_arch_mbox_fetch
                0x0800cacc       0x44 ./Middlewares/Third_Party/LwIP/system/OS/sys_arch.o
                0x0800cacc                sys_arch_mbox_fetch
 .text.sys_mbox_valid
                0x0800cb10        0xa ./Middlewares/Third_Party/LwIP/system/OS/sys_arch.o
                0x0800cb10                sys_mbox_valid
 *fill*         0x0800cb1a        0x2 
 .text.sys_init
                0x0800cb1c       0x18 ./Middlewares/Third_Party/LwIP/system/OS/sys_arch.o
                0x0800cb1c                sys_init
 .text.sys_mutex_new
                0x0800cb34       0x1e ./Middlewares/Third_Party/LwIP/system/OS/sys_arch.o
                0x0800cb34                sys_mutex_new
 .text.sys_mutex_lock
                0x0800cb52        0xa ./Middlewares/Third_Party/LwIP/system/OS/sys_arch.o
                0x0800cb52                sys_mutex_lock
 .text.sys_mutex_unlock
                0x0800cb5c        0x6 ./Middlewares/Third_Party/LwIP/system/OS/sys_arch.o
                0x0800cb5c                sys_mutex_unlock
 .text.sys_thread_new
                0x0800cb62       0x30 ./Middlewares/Third_Party/LwIP/system/OS/sys_arch.o
                0x0800cb62                sys_thread_new
 *fill*         0x0800cb92        0x2 
 .text.sys_arch_protect
                0x0800cb94       0x18 ./Middlewares/Third_Party/LwIP/system/OS/sys_arch.o
                0x0800cb94                sys_arch_protect
 .text.sys_arch_unprotect
                0x0800cbac        0xc ./Middlewares/Third_Party/LwIP/system/OS/sys_arch.o
                0x0800cbac                sys_arch_unprotect
 .text.rand     0x0800cbb8       0x7c C:/ST/STM32CubeIDE_1.17.0/STM32CubeIDE/plugins/com.st.stm32cube.ide.mcu.externaltools.gnu-tools-for-stm32.13.3.rel1.win32_1.0.0.202411081344/tools/bin/../lib/gcc/arm-none-eabi/13.3.1/../../../../arm-none-eabi/lib/thumb/v7e-m+dp/hard\libc_nano.a(libc_a-rand.o)
                0x0800cbb8                rand
 .text.std      0x0800cc34       0x6c C:/ST/STM32CubeIDE_1.17.0/STM32CubeIDE/plugins/com.st.stm32cube.ide.mcu.externaltools.gnu-tools-for-stm32.13.3.rel1.win32_1.0.0.202411081344/tools/bin/../lib/gcc/arm-none-eabi/13.3.1/../../../../arm-none-eabi/lib/thumb/v7e-m+dp/hard\libc_nano.a(libc_a-findfp.o)
 .text.stdio_exit_handler
                0x0800cca0       0x18 C:/ST/STM32CubeIDE_1.17.0/STM32CubeIDE/plugins/com.st.stm32cube.ide.mcu.externaltools.gnu-tools-for-stm32.13.3.rel1.win32_1.0.0.202411081344/tools/bin/../lib/gcc/arm-none-eabi/13.3.1/../../../../arm-none-eabi/lib/thumb/v7e-m+dp/hard\libc_nano.a(libc_a-findfp.o)
 .text.cleanup_stdio
                0x0800ccb8       0x40 C:/ST/STM32CubeIDE_1.17.0/STM32CubeIDE/plugins/com.st.stm32cube.ide.mcu.externaltools.gnu-tools-for-stm32.13.3.rel1.win32_1.0.0.202411081344/tools/bin/../lib/gcc/arm-none-eabi/13.3.1/../../../../arm-none-eabi/lib/thumb/v7e-m+dp/hard\libc_nano.a(libc_a-findfp.o)
 .text.global_stdio_init.part.0
                0x0800ccf8       0x3c C:/ST/STM32CubeIDE_1.17.0/STM32CubeIDE/plugins/com.st.stm32cube.ide.mcu.externaltools.gnu-tools-for-stm32.13.3.rel1.win32_1.0.0.202411081344/tools/bin/../lib/gcc/arm-none-eabi/13.3.1/../../../../arm-none-eabi/lib/thumb/v7e-m+dp/hard\libc_nano.a(libc_a-findfp.o)
 .text.__sfp_lock_acquire
                0x0800cd34        0xc C:/ST/STM32CubeIDE_1.17.0/STM32CubeIDE/plugins/com.st.stm32cube.ide.mcu.externaltools.gnu-tools-for-stm32.13.3.rel1.win32_1.0.0.202411081344/tools/bin/../lib/gcc/arm-none-eabi/13.3.1/../../../../arm-none-eabi/lib/thumb/v7e-m+dp/hard\libc_nano.a(libc_a-findfp.o)
                0x0800cd34                __sfp_lock_acquire
 .text.__sfp_lock_release
                0x0800cd40        0xc C:/ST/STM32CubeIDE_1.17.0/STM32CubeIDE/plugins/com.st.stm32cube.ide.mcu.externaltools.gnu-tools-for-stm32.13.3.rel1.win32_1.0.0.202411081344/tools/bin/../lib/gcc/arm-none-eabi/13.3.1/../../../../arm-none-eabi/lib/thumb/v7e-m+dp/hard\libc_nano.a(libc_a-findfp.o)
                0x0800cd40                __sfp_lock_release
 .text.__sinit  0x0800cd4c       0x30 C:/ST/STM32CubeIDE_1.17.0/STM32CubeIDE/plugins/com.st.stm32cube.ide.mcu.externaltools.gnu-tools-for-stm32.13.3.rel1.win32_1.0.0.202411081344/tools/bin/../lib/gcc/arm-none-eabi/13.3.1/../../../../arm-none-eabi/lib/thumb/v7e-m+dp/hard\libc_nano.a(libc_a-findfp.o)
                0x0800cd4c                __sinit
 .text._fwalk_sglue
                0x0800cd7c       0x3c C:/ST/STM32CubeIDE_1.17.0/STM32CubeIDE/plugins/com.st.stm32cube.ide.mcu.externaltools.gnu-tools-for-stm32.13.3.rel1.win32_1.0.0.202411081344/tools/bin/../lib/gcc/arm-none-eabi/13.3.1/../../../../arm-none-eabi/lib/thumb/v7e-m+dp/hard\libc_nano.a(libc_a-fwalk.o)
                0x0800cd7c                _fwalk_sglue
 .text.printf   0x0800cdb8       0x24 C:/ST/STM32CubeIDE_1.17.0/STM32CubeIDE/plugins/com.st.stm32cube.ide.mcu.externaltools.gnu-tools-for-stm32.13.3.rel1.win32_1.0.0.202411081344/tools/bin/../lib/gcc/arm-none-eabi/13.3.1/../../../../arm-none-eabi/lib/thumb/v7e-m+dp/hard\libc_nano.a(libc_a-printf.o)
                0x0800cdb8                iprintf
                0x0800cdb8                printf
 .text.__sread  0x0800cddc       0x22 C:/ST/STM32CubeIDE_1.17.0/STM32CubeIDE/plugins/com.st.stm32cube.ide.mcu.externaltools.gnu-tools-for-stm32.13.3.rel1.win32_1.0.0.202411081344/tools/bin/../lib/gcc/arm-none-eabi/13.3.1/../../../../arm-none-eabi/lib/thumb/v7e-m+dp/hard\libc_nano.a(libc_a-stdio.o)
                0x0800cddc                __sread
 .text.__swrite
                0x0800cdfe       0x38 C:/ST/STM32CubeIDE_1.17.0/STM32CubeIDE/plugins/com.st.stm32cube.ide.mcu.externaltools.gnu-tools-for-stm32.13.3.rel1.win32_1.0.0.202411081344/tools/bin/../lib/gcc/arm-none-eabi/13.3.1/../../../../arm-none-eabi/lib/thumb/v7e-m+dp/hard\libc_nano.a(libc_a-stdio.o)
                0x0800cdfe                __swrite
 .text.__sseek  0x0800ce36       0x24 C:/ST/STM32CubeIDE_1.17.0/STM32CubeIDE/plugins/com.st.stm32cube.ide.mcu.externaltools.gnu-tools-for-stm32.13.3.rel1.win32_1.0.0.202411081344/tools/bin/../lib/gcc/arm-none-eabi/13.3.1/../../../../arm-none-eabi/lib/thumb/v7e-m+dp/hard\libc_nano.a(libc_a-stdio.o)
                0x0800ce36                __sseek
 .text.__sclose
                0x0800ce5a        0x8 C:/ST/STM32CubeIDE_1.17.0/STM32CubeIDE/plugins/com.st.stm32cube.ide.mcu.externaltools.gnu-tools-for-stm32.13.3.rel1.win32_1.0.0.202411081344/tools/bin/../lib/gcc/arm-none-eabi/13.3.1/../../../../arm-none-eabi/lib/thumb/v7e-m+dp/hard\libc_nano.a(libc_a-stdio.o)
                0x0800ce5a                __sclose
 .text.memcmp   0x0800ce62       0x20 C:/ST/STM32CubeIDE_1.17.0/STM32CubeIDE/plugins/com.st.stm32cube.ide.mcu.externaltools.gnu-tools-for-stm32.13.3.rel1.win32_1.0.0.202411081344/tools/bin/../lib/gcc/arm-none-eabi/13.3.1/../../../../arm-none-eabi/lib/thumb/v7e-m+dp/hard\libc_nano.a(libc_a-memcmp.o)
                0x0800ce62                memcmp
 .text.memset   0x0800ce82       0x10 C:/ST/STM32CubeIDE_1.17.0/STM32CubeIDE/plugins/com.st.stm32cube.ide.mcu.externaltools.gnu-tools-for-stm32.13.3.rel1.win32_1.0.0.202411081344/tools/bin/../lib/gcc/arm-none-eabi/13.3.1/../../../../arm-none-eabi/lib/thumb/v7e-m+dp/hard\libc_nano.a(libc_a-memset.o)
                0x0800ce82                memset
 *fill*         0x0800ce92        0x2 
 .text._close_r
                0x0800ce94       0x20 C:/ST/STM32CubeIDE_1.17.0/STM32CubeIDE/plugins/com.st.stm32cube.ide.mcu.externaltools.gnu-tools-for-stm32.13.3.rel1.win32_1.0.0.202411081344/tools/bin/../lib/gcc/arm-none-eabi/13.3.1/../../../../arm-none-eabi/lib/thumb/v7e-m+dp/hard\libc_nano.a(libc_a-closer.o)
                0x0800ce94                _close_r
 .text._reclaim_reent
                0x0800ceb4       0xbc C:/ST/STM32CubeIDE_1.17.0/STM32CubeIDE/plugins/com.st.stm32cube.ide.mcu.externaltools.gnu-tools-for-stm32.13.3.rel1.win32_1.0.0.202411081344/tools/bin/../lib/gcc/arm-none-eabi/13.3.1/../../../../arm-none-eabi/lib/thumb/v7e-m+dp/hard\libc_nano.a(libc_a-reent.o)
                0x0800ceb4                _reclaim_reent
 .text._lseek_r
                0x0800cf70       0x24 C:/ST/STM32CubeIDE_1.17.0/STM32CubeIDE/plugins/com.st.stm32cube.ide.mcu.externaltools.gnu-tools-for-stm32.13.3.rel1.win32_1.0.0.202411081344/tools/bin/../lib/gcc/arm-none-eabi/13.3.1/../../../../arm-none-eabi/lib/thumb/v7e-m+dp/hard\libc_nano.a(libc_a-lseekr.o)
                0x0800cf70                _lseek_r
 .text._read_r  0x0800cf94       0x24 C:/ST/STM32CubeIDE_1.17.0/STM32CubeIDE/plugins/com.st.stm32cube.ide.mcu.externaltools.gnu-tools-for-stm32.13.3.rel1.win32_1.0.0.202411081344/tools/bin/../lib/gcc/arm-none-eabi/13.3.1/../../../../arm-none-eabi/lib/thumb/v7e-m+dp/hard\libc_nano.a(libc_a-readr.o)
                0x0800cf94                _read_r
 .text._write_r
                0x0800cfb8       0x24 C:/ST/STM32CubeIDE_1.17.0/STM32CubeIDE/plugins/com.st.stm32cube.ide.mcu.externaltools.gnu-tools-for-stm32.13.3.rel1.win32_1.0.0.202411081344/tools/bin/../lib/gcc/arm-none-eabi/13.3.1/../../../../arm-none-eabi/lib/thumb/v7e-m+dp/hard\libc_nano.a(libc_a-writer.o)
                0x0800cfb8                _write_r
 .text.__libc_init_array
                0x0800cfdc       0x48 C:/ST/STM32CubeIDE_1.17.0/STM32CubeIDE/plugins/com.st.stm32cube.ide.mcu.externaltools.gnu-tools-for-stm32.13.3.rel1.win32_1.0.0.202411081344/tools/bin/../lib/gcc/arm-none-eabi/13.3.1/../../../../arm-none-eabi/lib/thumb/v7e-m+dp/hard\libc_nano.a(libc_a-init.o)
                0x0800cfdc                __libc_init_array
 .text.__retarget_lock_init_recursive
                0x0800d024        0x2 C:/ST/STM32CubeIDE_1.17.0/STM32CubeIDE/plugins/com.st.stm32cube.ide.mcu.externaltools.gnu-tools-for-stm32.13.3.rel1.win32_1.0.0.202411081344/tools/bin/../lib/gcc/arm-none-eabi/13.3.1/../../../../arm-none-eabi/lib/thumb/v7e-m+dp/hard\libc_nano.a(libc_a-lock.o)
                0x0800d024                __retarget_lock_init_recursive
 .text.__retarget_lock_acquire_recursive
                0x0800d026        0x2 C:/ST/STM32CubeIDE_1.17.0/STM32CubeIDE/plugins/com.st.stm32cube.ide.mcu.externaltools.gnu-tools-for-stm32.13.3.rel1.win32_1.0.0.202411081344/tools/bin/../lib/gcc/arm-none-eabi/13.3.1/../../../../arm-none-eabi/lib/thumb/v7e-m+dp/hard\libc_nano.a(libc_a-lock.o)
                0x0800d026                __retarget_lock_acquire_recursive
 .text.__retarget_lock_release_recursive
                0x0800d028        0x2 C:/ST/STM32CubeIDE_1.17.0/STM32CubeIDE/plugins/com.st.stm32cube.ide.mcu.externaltools.gnu-tools-for-stm32.13.3.rel1.win32_1.0.0.202411081344/tools/bin/../lib/gcc/arm-none-eabi/13.3.1/../../../../arm-none-eabi/lib/thumb/v7e-m+dp/hard\libc_nano.a(libc_a-lock.o)
                0x0800d028                __retarget_lock_release_recursive
 .text.memcpy   0x0800d02a       0x1c C:/ST/STM32CubeIDE_1.17.0/STM32CubeIDE/plugins/com.st.stm32cube.ide.mcu.externaltools.gnu-tools-for-stm32.13.3.rel1.win32_1.0.0.202411081344/tools/bin/../lib/gcc/arm-none-eabi/13.3.1/../../../../arm-none-eabi/lib/thumb/v7e-m+dp/hard\libc_nano.a(libc_a-memcpy-stub.o)
                0x0800d02a                memcpy
 *fill*         0x0800d046        0x2 
 .text.__assert_func
                0x0800d048       0x3c C:/ST/STM32CubeIDE_1.17.0/STM32CubeIDE/plugins/com.st.stm32cube.ide.mcu.externaltools.gnu-tools-for-stm32.13.3.rel1.win32_1.0.0.202411081344/tools/bin/../lib/gcc/arm-none-eabi/13.3.1/../../../../arm-none-eabi/lib/thumb/v7e-m+dp/hard\libc_nano.a(libc_a-assert.o)
                0x0800d048                __assert_func
 .text._free_r  0x0800d084       0x94 C:/ST/STM32CubeIDE_1.17.0/STM32CubeIDE/plugins/com.st.stm32cube.ide.mcu.externaltools.gnu-tools-for-stm32.13.3.rel1.win32_1.0.0.202411081344/tools/bin/../lib/gcc/arm-none-eabi/13.3.1/../../../../arm-none-eabi/lib/thumb/v7e-m+dp/hard\libc_nano.a(libc_a-freer.o)
                0x0800d084                _free_r
 .text.malloc   0x0800d118       0x10 C:/ST/STM32CubeIDE_1.17.0/STM32CubeIDE/plugins/com.st.stm32cube.ide.mcu.externaltools.gnu-tools-for-stm32.13.3.rel1.win32_1.0.0.202411081344/tools/bin/../lib/gcc/arm-none-eabi/13.3.1/../../../../arm-none-eabi/lib/thumb/v7e-m+dp/hard\libc_nano.a(libc_a-malloc.o)
                0x0800d118                malloc
 .text.sbrk_aligned
                0x0800d128       0x44 C:/ST/STM32CubeIDE_1.17.0/STM32CubeIDE/plugins/com.st.stm32cube.ide.mcu.externaltools.gnu-tools-for-stm32.13.3.rel1.win32_1.0.0.202411081344/tools/bin/../lib/gcc/arm-none-eabi/13.3.1/../../../../arm-none-eabi/lib/thumb/v7e-m+dp/hard\libc_nano.a(libc_a-mallocr.o)
 .text._malloc_r
                0x0800d16c      0x100 C:/ST/STM32CubeIDE_1.17.0/STM32CubeIDE/plugins/com.st.stm32cube.ide.mcu.externaltools.gnu-tools-for-stm32.13.3.rel1.win32_1.0.0.202411081344/tools/bin/../lib/gcc/arm-none-eabi/13.3.1/../../../../arm-none-eabi/lib/thumb/v7e-m+dp/hard\libc_nano.a(libc_a-mallocr.o)
                0x0800d16c                _malloc_r
 .text.__malloc_lock